<!doctype html public "-//w3c//dtd html 4.0 transitional//en">
<html><head>
<title>Static Call Graph - [.\Debug\DPA-STM32.axf]</title></head>
<body><HR>
<H1>Static Call Graph for image .\Debug\DPA-STM32.axf</H1><HR>
<BR><P>#&#060CALLGRAPH&#062# ARM Linker, 5.03 [Build 24]: Last Updated: Fri Jan 10 13:21:32 2020
<BR><P>
<H3>Maximum Stack Usage =         92 bytes + Unknown(Cycles, Untraceable Function Pointers)</H3><H3>
Call chain for Maximum Stack Depth:</H3>
main &rArr; Hardware_Init &rArr; USART_Init &rArr; RCC_GetClocksFreq
<P>
<H3>
Mutually Recursive functions
</H3> <LI><a href="#[1c]">ADC1_IRQHandler</a>&nbsp;&nbsp;&nbsp;&rArr;&nbsp;&nbsp;&nbsp;<a href="#[1c]">ADC1_IRQHandler</a><BR>
 <LI><a href="#[4]">BusFault_Handler</a>&nbsp;&nbsp;&nbsp;&rArr;&nbsp;&nbsp;&nbsp;<a href="#[4]">BusFault_Handler</a><BR>
 <LI><a href="#[2]">HardFault_Handler</a>&nbsp;&nbsp;&nbsp;&rArr;&nbsp;&nbsp;&nbsp;<a href="#[2]">HardFault_Handler</a><BR>
 <LI><a href="#[3]">MemManage_Handler</a>&nbsp;&nbsp;&nbsp;&rArr;&nbsp;&nbsp;&nbsp;<a href="#[3]">MemManage_Handler</a><BR>
 <LI><a href="#[5]">UsageFault_Handler</a>&nbsp;&nbsp;&nbsp;&rArr;&nbsp;&nbsp;&nbsp;<a href="#[5]">UsageFault_Handler</a><BR>
</UL>
<P>
<H3>
Function Pointers
</H3><UL>
 <LI><a href="#[1c]">ADC1_IRQHandler</a> from startup_stm32f10x_md_vl.o(.text) referenced from startup_stm32f10x_md_vl.o(RESET)
 <LI><a href="#[4]">BusFault_Handler</a> from stm32f10x_it.o(i.BusFault_Handler) referenced from startup_stm32f10x_md_vl.o(RESET)
 <LI><a href="#[30]">CEC_IRQHandler</a> from startup_stm32f10x_md_vl.o(.text) referenced from startup_stm32f10x_md_vl.o(RESET)
 <LI><a href="#[15]">DMA1_Channel1_IRQHandler</a> from startup_stm32f10x_md_vl.o(.text) referenced from startup_stm32f10x_md_vl.o(RESET)
 <LI><a href="#[16]">DMA1_Channel2_IRQHandler</a> from startup_stm32f10x_md_vl.o(.text) referenced from startup_stm32f10x_md_vl.o(RESET)
 <LI><a href="#[17]">DMA1_Channel3_IRQHandler</a> from startup_stm32f10x_md_vl.o(.text) referenced from startup_stm32f10x_md_vl.o(RESET)
 <LI><a href="#[18]">DMA1_Channel4_IRQHandler</a> from startup_stm32f10x_md_vl.o(.text) referenced from startup_stm32f10x_md_vl.o(RESET)
 <LI><a href="#[19]">DMA1_Channel5_IRQHandler</a> from startup_stm32f10x_md_vl.o(.text) referenced from startup_stm32f10x_md_vl.o(RESET)
 <LI><a href="#[1a]">DMA1_Channel6_IRQHandler</a> from startup_stm32f10x_md_vl.o(.text) referenced from startup_stm32f10x_md_vl.o(RESET)
 <LI><a href="#[1b]">DMA1_Channel7_IRQHandler</a> from startup_stm32f10x_md_vl.o(.text) referenced from startup_stm32f10x_md_vl.o(RESET)
 <LI><a href="#[7]">DebugMon_Handler</a> from stm32f10x_it.o(i.DebugMon_Handler) referenced from startup_stm32f10x_md_vl.o(RESET)
 <LI><a href="#[10]">EXTI0_IRQHandler</a> from startup_stm32f10x_md_vl.o(.text) referenced from startup_stm32f10x_md_vl.o(RESET)
 <LI><a href="#[2e]">EXTI15_10_IRQHandler</a> from startup_stm32f10x_md_vl.o(.text) referenced from startup_stm32f10x_md_vl.o(RESET)
 <LI><a href="#[11]">EXTI1_IRQHandler</a> from startup_stm32f10x_md_vl.o(.text) referenced from startup_stm32f10x_md_vl.o(RESET)
 <LI><a href="#[12]">EXTI2_IRQHandler</a> from startup_stm32f10x_md_vl.o(.text) referenced from startup_stm32f10x_md_vl.o(RESET)
 <LI><a href="#[13]">EXTI3_IRQHandler</a> from startup_stm32f10x_md_vl.o(.text) referenced from startup_stm32f10x_md_vl.o(RESET)
 <LI><a href="#[14]">EXTI4_IRQHandler</a> from startup_stm32f10x_md_vl.o(.text) referenced from startup_stm32f10x_md_vl.o(RESET)
 <LI><a href="#[1d]">EXTI9_5_IRQHandler</a> from startup_stm32f10x_md_vl.o(.text) referenced from startup_stm32f10x_md_vl.o(RESET)
 <LI><a href="#[e]">FLASH_IRQHandler</a> from startup_stm32f10x_md_vl.o(.text) referenced from startup_stm32f10x_md_vl.o(RESET)
 <LI><a href="#[2]">HardFault_Handler</a> from stm32f10x_it.o(i.HardFault_Handler) referenced from startup_stm32f10x_md_vl.o(RESET)
 <LI><a href="#[26]">I2C1_ER_IRQHandler</a> from startup_stm32f10x_md_vl.o(.text) referenced from startup_stm32f10x_md_vl.o(RESET)
 <LI><a href="#[25]">I2C1_EV_IRQHandler</a> from startup_stm32f10x_md_vl.o(.text) referenced from startup_stm32f10x_md_vl.o(RESET)
 <LI><a href="#[28]">I2C2_ER_IRQHandler</a> from startup_stm32f10x_md_vl.o(.text) referenced from startup_stm32f10x_md_vl.o(RESET)
 <LI><a href="#[27]">I2C2_EV_IRQHandler</a> from startup_stm32f10x_md_vl.o(.text) referenced from startup_stm32f10x_md_vl.o(RESET)
 <LI><a href="#[3]">MemManage_Handler</a> from stm32f10x_it.o(i.MemManage_Handler) referenced from startup_stm32f10x_md_vl.o(RESET)
 <LI><a href="#[1]">NMI_Handler</a> from stm32f10x_it.o(i.NMI_Handler) referenced from startup_stm32f10x_md_vl.o(RESET)
 <LI><a href="#[b]">PVD_IRQHandler</a> from startup_stm32f10x_md_vl.o(.text) referenced from startup_stm32f10x_md_vl.o(RESET)
 <LI><a href="#[8]">PendSV_Handler</a> from stm32f10x_it.o(i.PendSV_Handler) referenced from startup_stm32f10x_md_vl.o(RESET)
 <LI><a href="#[f]">RCC_IRQHandler</a> from startup_stm32f10x_md_vl.o(.text) referenced from startup_stm32f10x_md_vl.o(RESET)
 <LI><a href="#[2f]">RTCAlarm_IRQHandler</a> from startup_stm32f10x_md_vl.o(.text) referenced from startup_stm32f10x_md_vl.o(RESET)
 <LI><a href="#[d]">RTC_IRQHandler</a> from startup_stm32f10x_md_vl.o(.text) referenced from startup_stm32f10x_md_vl.o(RESET)
 <LI><a href="#[0]">Reset_Handler</a> from startup_stm32f10x_md_vl.o(.text) referenced from startup_stm32f10x_md_vl.o(RESET)
 <LI><a href="#[29]">SPI1_IRQHandler</a> from startup_stm32f10x_md_vl.o(.text) referenced from startup_stm32f10x_md_vl.o(RESET)
 <LI><a href="#[2a]">SPI2_IRQHandler</a> from startup_stm32f10x_md_vl.o(.text) referenced from startup_stm32f10x_md_vl.o(RESET)
 <LI><a href="#[6]">SVC_Handler</a> from stm32f10x_it.o(i.SVC_Handler) referenced from startup_stm32f10x_md_vl.o(RESET)
 <LI><a href="#[9]">SysTick_Handler</a> from stm32f10x_it.o(i.SysTick_Handler) referenced from startup_stm32f10x_md_vl.o(RESET)
 <LI><a href="#[34]">SystemInit</a> from system_stm32f10x.o(i.SystemInit) referenced from startup_stm32f10x_md_vl.o(.text)
 <LI><a href="#[c]">TAMPER_IRQHandler</a> from startup_stm32f10x_md_vl.o(.text) referenced from startup_stm32f10x_md_vl.o(RESET)
 <LI><a href="#[1e]">TIM1_BRK_TIM15_IRQHandler</a> from startup_stm32f10x_md_vl.o(.text) referenced from startup_stm32f10x_md_vl.o(RESET)
 <LI><a href="#[21]">TIM1_CC_IRQHandler</a> from startup_stm32f10x_md_vl.o(.text) referenced from startup_stm32f10x_md_vl.o(RESET)
 <LI><a href="#[20]">TIM1_TRG_COM_TIM17_IRQHandler</a> from startup_stm32f10x_md_vl.o(.text) referenced from startup_stm32f10x_md_vl.o(RESET)
 <LI><a href="#[1f]">TIM1_UP_TIM16_IRQHandler</a> from startup_stm32f10x_md_vl.o(.text) referenced from startup_stm32f10x_md_vl.o(RESET)
 <LI><a href="#[22]">TIM2_IRQHandler</a> from startup_stm32f10x_md_vl.o(.text) referenced from startup_stm32f10x_md_vl.o(RESET)
 <LI><a href="#[23]">TIM3_IRQHandler</a> from startup_stm32f10x_md_vl.o(.text) referenced from startup_stm32f10x_md_vl.o(RESET)
 <LI><a href="#[24]">TIM4_IRQHandler</a> from startup_stm32f10x_md_vl.o(.text) referenced from startup_stm32f10x_md_vl.o(RESET)
 <LI><a href="#[31]">TIM6_DAC_IRQHandler</a> from startup_stm32f10x_md_vl.o(.text) referenced from startup_stm32f10x_md_vl.o(RESET)
 <LI><a href="#[32]">TIM7_IRQHandler</a> from startup_stm32f10x_md_vl.o(.text) referenced from startup_stm32f10x_md_vl.o(RESET)
 <LI><a href="#[2b]">USART1_IRQHandler</a> from startup_stm32f10x_md_vl.o(.text) referenced from startup_stm32f10x_md_vl.o(RESET)
 <LI><a href="#[2c]">USART2_IRQHandler</a> from startup_stm32f10x_md_vl.o(.text) referenced from startup_stm32f10x_md_vl.o(RESET)
 <LI><a href="#[2d]">USART3_IRQHandler</a> from startup_stm32f10x_md_vl.o(.text) referenced from startup_stm32f10x_md_vl.o(RESET)
 <LI><a href="#[5]">UsageFault_Handler</a> from stm32f10x_it.o(i.UsageFault_Handler) referenced from startup_stm32f10x_md_vl.o(RESET)
 <LI><a href="#[a]">WWDG_IRQHandler</a> from startup_stm32f10x_md_vl.o(.text) referenced from startup_stm32f10x_md_vl.o(RESET)
 <LI><a href="#[35]">__main</a> from entry.o(.ARM.Collect$$$$00000000) referenced from startup_stm32f10x_md_vl.o(.text)
 <LI><a href="#[33]">main</a> from main.o(i.main) referenced from entry9a.o(.ARM.Collect$$$$0000000B)
</UL>
<P>
<H3>
Global Symbols
</H3>
<P><STRONG><a name="[35]"></a>__main</STRONG> (Thumb, 0 bytes, Stack size unknown bytes, entry.o(.ARM.Collect$$$$00000000))
<BR>[Address Reference Count : 1]<UL><LI> startup_stm32f10x_md_vl.o(.text)
</UL>
<P><STRONG><a name="[64]"></a>_main_stk</STRONG> (Thumb, 0 bytes, Stack size unknown bytes, entry2.o(.ARM.Collect$$$$00000001))

<P><STRONG><a name="[36]"></a>_main_scatterload</STRONG> (Thumb, 0 bytes, Stack size unknown bytes, entry5.o(.ARM.Collect$$$$00000004))
<BR><BR>[Calls]<UL><LI><a href="#[37]">&gt;&gt;</a>&nbsp;&nbsp;&nbsp;__scatterload
</UL>

<P><STRONG><a name="[38]"></a>__main_after_scatterload</STRONG> (Thumb, 0 bytes, Stack size unknown bytes, entry5.o(.ARM.Collect$$$$00000004))
<BR><BR>[Called By]<UL><LI><a href="#[37]">&gt;&gt;</a>&nbsp;&nbsp;&nbsp;__scatterload
</UL>

<P><STRONG><a name="[65]"></a>_main_clock</STRONG> (Thumb, 0 bytes, Stack size unknown bytes, entry7b.o(.ARM.Collect$$$$00000008))

<P><STRONG><a name="[66]"></a>_main_cpp_init</STRONG> (Thumb, 0 bytes, Stack size unknown bytes, entry8b.o(.ARM.Collect$$$$0000000A))

<P><STRONG><a name="[67]"></a>_main_init</STRONG> (Thumb, 0 bytes, Stack size unknown bytes, entry9a.o(.ARM.Collect$$$$0000000B))

<P><STRONG><a name="[68]"></a>__rt_final_cpp</STRONG> (Thumb, 0 bytes, Stack size unknown bytes, entry10a.o(.ARM.Collect$$$$0000000D))

<P><STRONG><a name="[69]"></a>__rt_final_exit</STRONG> (Thumb, 0 bytes, Stack size unknown bytes, entry11a.o(.ARM.Collect$$$$0000000F))

<P><STRONG><a name="[0]"></a>Reset_Handler</STRONG> (Thumb, 8 bytes, Stack size 0 bytes, startup_stm32f10x_md_vl.o(.text))
<BR>[Address Reference Count : 1]<UL><LI> startup_stm32f10x_md_vl.o(RESET)
</UL>
<P><STRONG><a name="[1c]"></a>ADC1_IRQHandler</STRONG> (Thumb, 0 bytes, Stack size 0 bytes, startup_stm32f10x_md_vl.o(.text))
<BR><BR>[Calls]<UL><LI><a href="#[1c]">&gt;&gt;</a>&nbsp;&nbsp;&nbsp;ADC1_IRQHandler
</UL>
<BR>[Called By]<UL><LI><a href="#[1c]">&gt;&gt;</a>&nbsp;&nbsp;&nbsp;ADC1_IRQHandler
</UL>
<BR>[Address Reference Count : 1]<UL><LI> startup_stm32f10x_md_vl.o(RESET)
</UL>
<P><STRONG><a name="[30]"></a>CEC_IRQHandler</STRONG> (Thumb, 0 bytes, Stack size 0 bytes, startup_stm32f10x_md_vl.o(.text))
<BR>[Address Reference Count : 1]<UL><LI> startup_stm32f10x_md_vl.o(RESET)
</UL>
<P><STRONG><a name="[15]"></a>DMA1_Channel1_IRQHandler</STRONG> (Thumb, 0 bytes, Stack size 0 bytes, startup_stm32f10x_md_vl.o(.text))
<BR>[Address Reference Count : 1]<UL><LI> startup_stm32f10x_md_vl.o(RESET)
</UL>
<P><STRONG><a name="[16]"></a>DMA1_Channel2_IRQHandler</STRONG> (Thumb, 0 bytes, Stack size 0 bytes, startup_stm32f10x_md_vl.o(.text))
<BR>[Address Reference Count : 1]<UL><LI> startup_stm32f10x_md_vl.o(RESET)
</UL>
<P><STRONG><a name="[17]"></a>DMA1_Channel3_IRQHandler</STRONG> (Thumb, 0 bytes, Stack size 0 bytes, startup_stm32f10x_md_vl.o(.text))
<BR>[Address Reference Count : 1]<UL><LI> startup_stm32f10x_md_vl.o(RESET)
</UL>
<P><STRONG><a name="[18]"></a>DMA1_Channel4_IRQHandler</STRONG> (Thumb, 0 bytes, Stack size 0 bytes, startup_stm32f10x_md_vl.o(.text))
<BR>[Address Reference Count : 1]<UL><LI> startup_stm32f10x_md_vl.o(RESET)
</UL>
<P><STRONG><a name="[19]"></a>DMA1_Channel5_IRQHandler</STRONG> (Thumb, 0 bytes, Stack size 0 bytes, startup_stm32f10x_md_vl.o(.text))
<BR>[Address Reference Count : 1]<UL><LI> startup_stm32f10x_md_vl.o(RESET)
</UL>
<P><STRONG><a name="[1a]"></a>DMA1_Channel6_IRQHandler</STRONG> (Thumb, 0 bytes, Stack size 0 bytes, startup_stm32f10x_md_vl.o(.text))
<BR>[Address Reference Count : 1]<UL><LI> startup_stm32f10x_md_vl.o(RESET)
</UL>
<P><STRONG><a name="[1b]"></a>DMA1_Channel7_IRQHandler</STRONG> (Thumb, 0 bytes, Stack size 0 bytes, startup_stm32f10x_md_vl.o(.text))
<BR>[Address Reference Count : 1]<UL><LI> startup_stm32f10x_md_vl.o(RESET)
</UL>
<P><STRONG><a name="[10]"></a>EXTI0_IRQHandler</STRONG> (Thumb, 0 bytes, Stack size 0 bytes, startup_stm32f10x_md_vl.o(.text))
<BR>[Address Reference Count : 1]<UL><LI> startup_stm32f10x_md_vl.o(RESET)
</UL>
<P><STRONG><a name="[2e]"></a>EXTI15_10_IRQHandler</STRONG> (Thumb, 0 bytes, Stack size 0 bytes, startup_stm32f10x_md_vl.o(.text))
<BR>[Address Reference Count : 1]<UL><LI> startup_stm32f10x_md_vl.o(RESET)
</UL>
<P><STRONG><a name="[11]"></a>EXTI1_IRQHandler</STRONG> (Thumb, 0 bytes, Stack size 0 bytes, startup_stm32f10x_md_vl.o(.text))
<BR>[Address Reference Count : 1]<UL><LI> startup_stm32f10x_md_vl.o(RESET)
</UL>
<P><STRONG><a name="[12]"></a>EXTI2_IRQHandler</STRONG> (Thumb, 0 bytes, Stack size 0 bytes, startup_stm32f10x_md_vl.o(.text))
<BR>[Address Reference Count : 1]<UL><LI> startup_stm32f10x_md_vl.o(RESET)
</UL>
<P><STRONG><a name="[13]"></a>EXTI3_IRQHandler</STRONG> (Thumb, 0 bytes, Stack size 0 bytes, startup_stm32f10x_md_vl.o(.text))
<BR>[Address Reference Count : 1]<UL><LI> startup_stm32f10x_md_vl.o(RESET)
</UL>
<P><STRONG><a name="[14]"></a>EXTI4_IRQHandler</STRONG> (Thumb, 0 bytes, Stack size 0 bytes, startup_stm32f10x_md_vl.o(.text))
<BR>[Address Reference Count : 1]<UL><LI> startup_stm32f10x_md_vl.o(RESET)
</UL>
<P><STRONG><a name="[1d]"></a>EXTI9_5_IRQHandler</STRONG> (Thumb, 0 bytes, Stack size 0 bytes, startup_stm32f10x_md_vl.o(.text))
<BR>[Address Reference Count : 1]<UL><LI> startup_stm32f10x_md_vl.o(RESET)
</UL>
<P><STRONG><a name="[e]"></a>FLASH_IRQHandler</STRONG> (Thumb, 0 bytes, Stack size 0 bytes, startup_stm32f10x_md_vl.o(.text))
<BR>[Address Reference Count : 1]<UL><LI> startup_stm32f10x_md_vl.o(RESET)
</UL>
<P><STRONG><a name="[26]"></a>I2C1_ER_IRQHandler</STRONG> (Thumb, 0 bytes, Stack size 0 bytes, startup_stm32f10x_md_vl.o(.text))
<BR>[Address Reference Count : 1]<UL><LI> startup_stm32f10x_md_vl.o(RESET)
</UL>
<P><STRONG><a name="[25]"></a>I2C1_EV_IRQHandler</STRONG> (Thumb, 0 bytes, Stack size 0 bytes, startup_stm32f10x_md_vl.o(.text))
<BR>[Address Reference Count : 1]<UL><LI> startup_stm32f10x_md_vl.o(RESET)
</UL>
<P><STRONG><a name="[28]"></a>I2C2_ER_IRQHandler</STRONG> (Thumb, 0 bytes, Stack size 0 bytes, startup_stm32f10x_md_vl.o(.text))
<BR>[Address Reference Count : 1]<UL><LI> startup_stm32f10x_md_vl.o(RESET)
</UL>
<P><STRONG><a name="[27]"></a>I2C2_EV_IRQHandler</STRONG> (Thumb, 0 bytes, Stack size 0 bytes, startup_stm32f10x_md_vl.o(.text))
<BR>[Address Reference Count : 1]<UL><LI> startup_stm32f10x_md_vl.o(RESET)
</UL>
<P><STRONG><a name="[b]"></a>PVD_IRQHandler</STRONG> (Thumb, 0 bytes, Stack size 0 bytes, startup_stm32f10x_md_vl.o(.text))
<BR>[Address Reference Count : 1]<UL><LI> startup_stm32f10x_md_vl.o(RESET)
</UL>
<P><STRONG><a name="[f]"></a>RCC_IRQHandler</STRONG> (Thumb, 0 bytes, Stack size 0 bytes, startup_stm32f10x_md_vl.o(.text))
<BR>[Address Reference Count : 1]<UL><LI> startup_stm32f10x_md_vl.o(RESET)
</UL>
<P><STRONG><a name="[2f]"></a>RTCAlarm_IRQHandler</STRONG> (Thumb, 0 bytes, Stack size 0 bytes, startup_stm32f10x_md_vl.o(.text))
<BR>[Address Reference Count : 1]<UL><LI> startup_stm32f10x_md_vl.o(RESET)
</UL>
<P><STRONG><a name="[d]"></a>RTC_IRQHandler</STRONG> (Thumb, 0 bytes, Stack size 0 bytes, startup_stm32f10x_md_vl.o(.text))
<BR>[Address Reference Count : 1]<UL><LI> startup_stm32f10x_md_vl.o(RESET)
</UL>
<P><STRONG><a name="[29]"></a>SPI1_IRQHandler</STRONG> (Thumb, 0 bytes, Stack size 0 bytes, startup_stm32f10x_md_vl.o(.text))
<BR>[Address Reference Count : 1]<UL><LI> startup_stm32f10x_md_vl.o(RESET)
</UL>
<P><STRONG><a name="[2a]"></a>SPI2_IRQHandler</STRONG> (Thumb, 0 bytes, Stack size 0 bytes, startup_stm32f10x_md_vl.o(.text))
<BR>[Address Reference Count : 1]<UL><LI> startup_stm32f10x_md_vl.o(RESET)
</UL>
<P><STRONG><a name="[c]"></a>TAMPER_IRQHandler</STRONG> (Thumb, 0 bytes, Stack size 0 bytes, startup_stm32f10x_md_vl.o(.text))
<BR>[Address Reference Count : 1]<UL><LI> startup_stm32f10x_md_vl.o(RESET)
</UL>
<P><STRONG><a name="[1e]"></a>TIM1_BRK_TIM15_IRQHandler</STRONG> (Thumb, 0 bytes, Stack size 0 bytes, startup_stm32f10x_md_vl.o(.text))
<BR>[Address Reference Count : 1]<UL><LI> startup_stm32f10x_md_vl.o(RESET)
</UL>
<P><STRONG><a name="[21]"></a>TIM1_CC_IRQHandler</STRONG> (Thumb, 0 bytes, Stack size 0 bytes, startup_stm32f10x_md_vl.o(.text))
<BR>[Address Reference Count : 1]<UL><LI> startup_stm32f10x_md_vl.o(RESET)
</UL>
<P><STRONG><a name="[20]"></a>TIM1_TRG_COM_TIM17_IRQHandler</STRONG> (Thumb, 0 bytes, Stack size 0 bytes, startup_stm32f10x_md_vl.o(.text))
<BR>[Address Reference Count : 1]<UL><LI> startup_stm32f10x_md_vl.o(RESET)
</UL>
<P><STRONG><a name="[1f]"></a>TIM1_UP_TIM16_IRQHandler</STRONG> (Thumb, 0 bytes, Stack size 0 bytes, startup_stm32f10x_md_vl.o(.text))
<BR>[Address Reference Count : 1]<UL><LI> startup_stm32f10x_md_vl.o(RESET)
</UL>
<P><STRONG><a name="[22]"></a>TIM2_IRQHandler</STRONG> (Thumb, 0 bytes, Stack size 0 bytes, startup_stm32f10x_md_vl.o(.text))
<BR>[Address Reference Count : 1]<UL><LI> startup_stm32f10x_md_vl.o(RESET)
</UL>
<P><STRONG><a name="[23]"></a>TIM3_IRQHandler</STRONG> (Thumb, 0 bytes, Stack size 0 bytes, startup_stm32f10x_md_vl.o(.text))
<BR>[Address Reference Count : 1]<UL><LI> startup_stm32f10x_md_vl.o(RESET)
</UL>
<P><STRONG><a name="[24]"></a>TIM4_IRQHandler</STRONG> (Thumb, 0 bytes, Stack size 0 bytes, startup_stm32f10x_md_vl.o(.text))
<BR>[Address Reference Count : 1]<UL><LI> startup_stm32f10x_md_vl.o(RESET)
</UL>
<P><STRONG><a name="[31]"></a>TIM6_DAC_IRQHandler</STRONG> (Thumb, 0 bytes, Stack size 0 bytes, startup_stm32f10x_md_vl.o(.text))
<BR>[Address Reference Count : 1]<UL><LI> startup_stm32f10x_md_vl.o(RESET)
</UL>
<P><STRONG><a name="[32]"></a>TIM7_IRQHandler</STRONG> (Thumb, 0 bytes, Stack size 0 bytes, startup_stm32f10x_md_vl.o(.text))
<BR>[Address Reference Count : 1]<UL><LI> startup_stm32f10x_md_vl.o(RESET)
</UL>
<P><STRONG><a name="[2b]"></a>USART1_IRQHandler</STRONG> (Thumb, 0 bytes, Stack size 0 bytes, startup_stm32f10x_md_vl.o(.text))
<BR>[Address Reference Count : 1]<UL><LI> startup_stm32f10x_md_vl.o(RESET)
</UL>
<P><STRONG><a name="[2c]"></a>USART2_IRQHandler</STRONG> (Thumb, 0 bytes, Stack size 0 bytes, startup_stm32f10x_md_vl.o(.text))
<BR>[Address Reference Count : 1]<UL><LI> startup_stm32f10x_md_vl.o(RESET)
</UL>
<P><STRONG><a name="[2d]"></a>USART3_IRQHandler</STRONG> (Thumb, 0 bytes, Stack size 0 bytes, startup_stm32f10x_md_vl.o(.text))
<BR>[Address Reference Count : 1]<UL><LI> startup_stm32f10x_md_vl.o(RESET)
</UL>
<P><STRONG><a name="[a]"></a>WWDG_IRQHandler</STRONG> (Thumb, 0 bytes, Stack size 0 bytes, startup_stm32f10x_md_vl.o(.text))
<BR>[Address Reference Count : 1]<UL><LI> startup_stm32f10x_md_vl.o(RESET)
</UL>
<P><STRONG><a name="[37]"></a>__scatterload</STRONG> (Thumb, 28 bytes, Stack size 0 bytes, init.o(.text))
<BR><BR>[Calls]<UL><LI><a href="#[38]">&gt;&gt;</a>&nbsp;&nbsp;&nbsp;__main_after_scatterload
</UL>
<BR>[Called By]<UL><LI><a href="#[36]">&gt;&gt;</a>&nbsp;&nbsp;&nbsp;_main_scatterload
</UL>

<P><STRONG><a name="[6a]"></a>__scatterload_rt2</STRONG> (Thumb, 0 bytes, Stack size 0 bytes, init.o(.text), UNUSED)

<P><STRONG><a name="[62]"></a>AES_InitKey</STRONG> (Thumb, 68 bytes, Stack size 0 bytes, main.o(i.AES_InitKey))
<BR><BR>[Called By]<UL><LI><a href="#[33]">&gt;&gt;</a>&nbsp;&nbsp;&nbsp;main
</UL>

<P><STRONG><a name="[61]"></a>AES_InitState</STRONG> (Thumb, 38 bytes, Stack size 0 bytes, main.o(i.AES_InitState))
<BR><BR>[Called By]<UL><LI><a href="#[33]">&gt;&gt;</a>&nbsp;&nbsp;&nbsp;main
</UL>

<P><STRONG><a name="[39]"></a>AES_Run</STRONG> (Thumb, 88 bytes, Stack size 24 bytes, main.o(i.AES_Run))
<BR><BR>[Stack]<UL><LI>Max Depth = 56<LI>Call Chain = AES_Run &rArr; computeKey
</UL>
<BR>[Calls]<UL><LI><a href="#[3b]">&gt;&gt;</a>&nbsp;&nbsp;&nbsp;subBytes
<LI><a href="#[3c]">&gt;&gt;</a>&nbsp;&nbsp;&nbsp;shiftRows
<LI><a href="#[3d]">&gt;&gt;</a>&nbsp;&nbsp;&nbsp;mixColumns
<LI><a href="#[3e]">&gt;&gt;</a>&nbsp;&nbsp;&nbsp;computeKey
<LI><a href="#[3a]">&gt;&gt;</a>&nbsp;&nbsp;&nbsp;addRoundKey
</UL>
<BR>[Called By]<UL><LI><a href="#[33]">&gt;&gt;</a>&nbsp;&nbsp;&nbsp;main
</UL>

<P><STRONG><a name="[4]"></a>BusFault_Handler</STRONG> (Thumb, 2 bytes, Stack size 0 bytes, stm32f10x_it.o(i.BusFault_Handler))
<BR><BR>[Calls]<UL><LI><a href="#[4]">&gt;&gt;</a>&nbsp;&nbsp;&nbsp;BusFault_Handler
</UL>
<BR>[Called By]<UL><LI><a href="#[4]">&gt;&gt;</a>&nbsp;&nbsp;&nbsp;BusFault_Handler
</UL>
<BR>[Address Reference Count : 1]<UL><LI> startup_stm32f10x_md_vl.o(RESET)
</UL>
<P><STRONG><a name="[3f]"></a>Clock_Init</STRONG> (Thumb, 104 bytes, Stack size 8 bytes, main.o(i.Clock_Init))
<BR><BR>[Stack]<UL><LI>Max Depth = 20<LI>Call Chain = Clock_Init &rArr; RCC_WaitForHSEStartUp
</UL>
<BR>[Calls]<UL><LI><a href="#[4b]">&gt;&gt;</a>&nbsp;&nbsp;&nbsp;FLASH_SetLatency
<LI><a href="#[4c]">&gt;&gt;</a>&nbsp;&nbsp;&nbsp;FLASH_PrefetchBufferCmd
<LI><a href="#[41]">&gt;&gt;</a>&nbsp;&nbsp;&nbsp;RCC_WaitForHSEStartUp
<LI><a href="#[44]">&gt;&gt;</a>&nbsp;&nbsp;&nbsp;RCC_SYSCLKConfig
<LI><a href="#[42]">&gt;&gt;</a>&nbsp;&nbsp;&nbsp;RCC_PLLConfig
<LI><a href="#[43]">&gt;&gt;</a>&nbsp;&nbsp;&nbsp;RCC_PLLCmd
<LI><a href="#[47]">&gt;&gt;</a>&nbsp;&nbsp;&nbsp;RCC_PCLK2Config
<LI><a href="#[46]">&gt;&gt;</a>&nbsp;&nbsp;&nbsp;RCC_PCLK1Config
<LI><a href="#[40]">&gt;&gt;</a>&nbsp;&nbsp;&nbsp;RCC_HSEConfig
<LI><a href="#[45]">&gt;&gt;</a>&nbsp;&nbsp;&nbsp;RCC_HCLKConfig
<LI><a href="#[48]">&gt;&gt;</a>&nbsp;&nbsp;&nbsp;RCC_ClockSecuritySystemCmd
<LI><a href="#[4a]">&gt;&gt;</a>&nbsp;&nbsp;&nbsp;RCC_APB2PeriphClockCmd
<LI><a href="#[49]">&gt;&gt;</a>&nbsp;&nbsp;&nbsp;RCC_AHBPeriphClockCmd
</UL>
<BR>[Called By]<UL><LI><a href="#[4d]">&gt;&gt;</a>&nbsp;&nbsp;&nbsp;Hardware_Init
</UL>

<P><STRONG><a name="[7]"></a>DebugMon_Handler</STRONG> (Thumb, 2 bytes, Stack size 0 bytes, stm32f10x_it.o(i.DebugMon_Handler))
<BR>[Address Reference Count : 1]<UL><LI> startup_stm32f10x_md_vl.o(RESET)
</UL>
<P><STRONG><a name="[56]"></a>EXTI_Init</STRONG> (Thumb, 108 bytes, Stack size 12 bytes, stm32f10x_exti.o(i.EXTI_Init))
<BR><BR>[Stack]<UL><LI>Max Depth = 12<LI>Call Chain = EXTI_Init
</UL>
<BR>[Called By]<UL><LI><a href="#[51]">&gt;&gt;</a>&nbsp;&nbsp;&nbsp;NVIC_Initialisation
</UL>

<P><STRONG><a name="[4c]"></a>FLASH_PrefetchBufferCmd</STRONG> (Thumb, 18 bytes, Stack size 0 bytes, stm32f10x_flash.o(i.FLASH_PrefetchBufferCmd))
<BR><BR>[Called By]<UL><LI><a href="#[3f]">&gt;&gt;</a>&nbsp;&nbsp;&nbsp;Clock_Init
</UL>

<P><STRONG><a name="[4b]"></a>FLASH_SetLatency</STRONG> (Thumb, 14 bytes, Stack size 0 bytes, stm32f10x_flash.o(i.FLASH_SetLatency))
<BR><BR>[Called By]<UL><LI><a href="#[3f]">&gt;&gt;</a>&nbsp;&nbsp;&nbsp;Clock_Init
</UL>

<P><STRONG><a name="[50]"></a>GPIO_Init</STRONG> (Thumb, 152 bytes, Stack size 20 bytes, stm32f10x_gpio.o(i.GPIO_Init))
<BR><BR>[Stack]<UL><LI>Max Depth = 20<LI>Call Chain = GPIO_Init
</UL>
<BR>[Called By]<UL><LI><a href="#[4d]">&gt;&gt;</a>&nbsp;&nbsp;&nbsp;Hardware_Init
</UL>

<P><STRONG><a name="[2]"></a>HardFault_Handler</STRONG> (Thumb, 2 bytes, Stack size 0 bytes, stm32f10x_it.o(i.HardFault_Handler))
<BR><BR>[Calls]<UL><LI><a href="#[2]">&gt;&gt;</a>&nbsp;&nbsp;&nbsp;HardFault_Handler
</UL>
<BR>[Called By]<UL><LI><a href="#[2]">&gt;&gt;</a>&nbsp;&nbsp;&nbsp;HardFault_Handler
</UL>
<BR>[Address Reference Count : 1]<UL><LI> startup_stm32f10x_md_vl.o(RESET)
</UL>
<P><STRONG><a name="[4d]"></a>Hardware_Init</STRONG> (Thumb, 194 bytes, Stack size 48 bytes, main.o(i.Hardware_Init))
<BR><BR>[Stack]<UL><LI>Max Depth = 92<LI>Call Chain = Hardware_Init &rArr; USART_Init &rArr; RCC_GetClocksFreq
</UL>
<BR>[Calls]<UL><LI><a href="#[54]">&gt;&gt;</a>&nbsp;&nbsp;&nbsp;USART_Init
<LI><a href="#[55]">&gt;&gt;</a>&nbsp;&nbsp;&nbsp;USART_Cmd
<LI><a href="#[52]">&gt;&gt;</a>&nbsp;&nbsp;&nbsp;USART_ClockStructInit
<LI><a href="#[53]">&gt;&gt;</a>&nbsp;&nbsp;&nbsp;USART_ClockInit
<LI><a href="#[50]">&gt;&gt;</a>&nbsp;&nbsp;&nbsp;GPIO_Init
<LI><a href="#[51]">&gt;&gt;</a>&nbsp;&nbsp;&nbsp;NVIC_Initialisation
<LI><a href="#[3f]">&gt;&gt;</a>&nbsp;&nbsp;&nbsp;Clock_Init
<LI><a href="#[4e]">&gt;&gt;</a>&nbsp;&nbsp;&nbsp;PWR_PVDLevelConfig
<LI><a href="#[4f]">&gt;&gt;</a>&nbsp;&nbsp;&nbsp;PWR_PVDCmd
</UL>
<BR>[Called By]<UL><LI><a href="#[33]">&gt;&gt;</a>&nbsp;&nbsp;&nbsp;main
</UL>

<P><STRONG><a name="[3]"></a>MemManage_Handler</STRONG> (Thumb, 2 bytes, Stack size 0 bytes, stm32f10x_it.o(i.MemManage_Handler))
<BR><BR>[Calls]<UL><LI><a href="#[3]">&gt;&gt;</a>&nbsp;&nbsp;&nbsp;MemManage_Handler
</UL>
<BR>[Called By]<UL><LI><a href="#[3]">&gt;&gt;</a>&nbsp;&nbsp;&nbsp;MemManage_Handler
</UL>
<BR>[Address Reference Count : 1]<UL><LI> startup_stm32f10x_md_vl.o(RESET)
</UL>
<P><STRONG><a name="[1]"></a>NMI_Handler</STRONG> (Thumb, 2 bytes, Stack size 0 bytes, stm32f10x_it.o(i.NMI_Handler))
<BR>[Address Reference Count : 1]<UL><LI> startup_stm32f10x_md_vl.o(RESET)
</UL>
<P><STRONG><a name="[57]"></a>NVIC_Init</STRONG> (Thumb, 90 bytes, Stack size 16 bytes, misc.o(i.NVIC_Init))
<BR><BR>[Stack]<UL><LI>Max Depth = 16<LI>Call Chain = NVIC_Init
</UL>
<BR>[Called By]<UL><LI><a href="#[51]">&gt;&gt;</a>&nbsp;&nbsp;&nbsp;NVIC_Initialisation
</UL>

<P><STRONG><a name="[51]"></a>NVIC_Initialisation</STRONG> (Thumb, 88 bytes, Stack size 24 bytes, main.o(i.NVIC_Initialisation))
<BR><BR>[Stack]<UL><LI>Max Depth = 40<LI>Call Chain = NVIC_Initialisation &rArr; NVIC_Init
</UL>
<BR>[Calls]<UL><LI><a href="#[56]">&gt;&gt;</a>&nbsp;&nbsp;&nbsp;EXTI_Init
<LI><a href="#[57]">&gt;&gt;</a>&nbsp;&nbsp;&nbsp;NVIC_Init
<LI><a href="#[58]">&gt;&gt;</a>&nbsp;&nbsp;&nbsp;NVIC_SetPriority
</UL>
<BR>[Called By]<UL><LI><a href="#[4d]">&gt;&gt;</a>&nbsp;&nbsp;&nbsp;Hardware_Init
</UL>

<P><STRONG><a name="[4f]"></a>PWR_PVDCmd</STRONG> (Thumb, 6 bytes, Stack size 0 bytes, stm32f10x_pwr.o(i.PWR_PVDCmd))
<BR><BR>[Called By]<UL><LI><a href="#[4d]">&gt;&gt;</a>&nbsp;&nbsp;&nbsp;Hardware_Init
</UL>

<P><STRONG><a name="[4e]"></a>PWR_PVDLevelConfig</STRONG> (Thumb, 14 bytes, Stack size 0 bytes, stm32f10x_pwr.o(i.PWR_PVDLevelConfig))
<BR><BR>[Called By]<UL><LI><a href="#[4d]">&gt;&gt;</a>&nbsp;&nbsp;&nbsp;Hardware_Init
</UL>

<P><STRONG><a name="[8]"></a>PendSV_Handler</STRONG> (Thumb, 2 bytes, Stack size 0 bytes, stm32f10x_it.o(i.PendSV_Handler))
<BR>[Address Reference Count : 1]<UL><LI> startup_stm32f10x_md_vl.o(RESET)
</UL>
<P><STRONG><a name="[49]"></a>RCC_AHBPeriphClockCmd</STRONG> (Thumb, 18 bytes, Stack size 0 bytes, stm32f10x_rcc.o(i.RCC_AHBPeriphClockCmd))
<BR><BR>[Called By]<UL><LI><a href="#[3f]">&gt;&gt;</a>&nbsp;&nbsp;&nbsp;Clock_Init
</UL>

<P><STRONG><a name="[4a]"></a>RCC_APB2PeriphClockCmd</STRONG> (Thumb, 18 bytes, Stack size 0 bytes, stm32f10x_rcc.o(i.RCC_APB2PeriphClockCmd))
<BR><BR>[Called By]<UL><LI><a href="#[3f]">&gt;&gt;</a>&nbsp;&nbsp;&nbsp;Clock_Init
</UL>

<P><STRONG><a name="[48]"></a>RCC_ClockSecuritySystemCmd</STRONG> (Thumb, 6 bytes, Stack size 0 bytes, stm32f10x_rcc.o(i.RCC_ClockSecuritySystemCmd))
<BR><BR>[Called By]<UL><LI><a href="#[3f]">&gt;&gt;</a>&nbsp;&nbsp;&nbsp;Clock_Init
</UL>

<P><STRONG><a name="[5b]"></a>RCC_GetClocksFreq</STRONG> (Thumb, 138 bytes, Stack size 12 bytes, stm32f10x_rcc.o(i.RCC_GetClocksFreq))
<BR><BR>[Stack]<UL><LI>Max Depth = 12<LI>Call Chain = RCC_GetClocksFreq
</UL>
<BR>[Called By]<UL><LI><a href="#[54]">&gt;&gt;</a>&nbsp;&nbsp;&nbsp;USART_Init
</UL>

<P><STRONG><a name="[59]"></a>RCC_GetFlagStatus</STRONG> (Thumb, 42 bytes, Stack size 0 bytes, stm32f10x_rcc.o(i.RCC_GetFlagStatus))
<BR><BR>[Called By]<UL><LI><a href="#[41]">&gt;&gt;</a>&nbsp;&nbsp;&nbsp;RCC_WaitForHSEStartUp
</UL>

<P><STRONG><a name="[45]"></a>RCC_HCLKConfig</STRONG> (Thumb, 14 bytes, Stack size 0 bytes, stm32f10x_rcc.o(i.RCC_HCLKConfig))
<BR><BR>[Called By]<UL><LI><a href="#[3f]">&gt;&gt;</a>&nbsp;&nbsp;&nbsp;Clock_Init
</UL>

<P><STRONG><a name="[40]"></a>RCC_HSEConfig</STRONG> (Thumb, 48 bytes, Stack size 0 bytes, stm32f10x_rcc.o(i.RCC_HSEConfig))
<BR><BR>[Called By]<UL><LI><a href="#[3f]">&gt;&gt;</a>&nbsp;&nbsp;&nbsp;Clock_Init
</UL>

<P><STRONG><a name="[46]"></a>RCC_PCLK1Config</STRONG> (Thumb, 14 bytes, Stack size 0 bytes, stm32f10x_rcc.o(i.RCC_PCLK1Config))
<BR><BR>[Called By]<UL><LI><a href="#[3f]">&gt;&gt;</a>&nbsp;&nbsp;&nbsp;Clock_Init
</UL>

<P><STRONG><a name="[47]"></a>RCC_PCLK2Config</STRONG> (Thumb, 16 bytes, Stack size 0 bytes, stm32f10x_rcc.o(i.RCC_PCLK2Config))
<BR><BR>[Called By]<UL><LI><a href="#[3f]">&gt;&gt;</a>&nbsp;&nbsp;&nbsp;Clock_Init
</UL>

<P><STRONG><a name="[43]"></a>RCC_PLLCmd</STRONG> (Thumb, 6 bytes, Stack size 0 bytes, stm32f10x_rcc.o(i.RCC_PLLCmd))
<BR><BR>[Called By]<UL><LI><a href="#[3f]">&gt;&gt;</a>&nbsp;&nbsp;&nbsp;Clock_Init
</UL>

<P><STRONG><a name="[42]"></a>RCC_PLLConfig</STRONG> (Thumb, 16 bytes, Stack size 0 bytes, stm32f10x_rcc.o(i.RCC_PLLConfig))
<BR><BR>[Called By]<UL><LI><a href="#[3f]">&gt;&gt;</a>&nbsp;&nbsp;&nbsp;Clock_Init
</UL>

<P><STRONG><a name="[44]"></a>RCC_SYSCLKConfig</STRONG> (Thumb, 14 bytes, Stack size 0 bytes, stm32f10x_rcc.o(i.RCC_SYSCLKConfig))
<BR><BR>[Called By]<UL><LI><a href="#[3f]">&gt;&gt;</a>&nbsp;&nbsp;&nbsp;Clock_Init
</UL>

<P><STRONG><a name="[41]"></a>RCC_WaitForHSEStartUp</STRONG> (Thumb, 44 bytes, Stack size 12 bytes, stm32f10x_rcc.o(i.RCC_WaitForHSEStartUp))
<BR><BR>[Stack]<UL><LI>Max Depth = 12<LI>Call Chain = RCC_WaitForHSEStartUp
</UL>
<BR>[Calls]<UL><LI><a href="#[59]">&gt;&gt;</a>&nbsp;&nbsp;&nbsp;RCC_GetFlagStatus
</UL>
<BR>[Called By]<UL><LI><a href="#[3f]">&gt;&gt;</a>&nbsp;&nbsp;&nbsp;Clock_Init
</UL>

<P><STRONG><a name="[6]"></a>SVC_Handler</STRONG> (Thumb, 2 bytes, Stack size 0 bytes, stm32f10x_it.o(i.SVC_Handler))
<BR>[Address Reference Count : 1]<UL><LI> startup_stm32f10x_md_vl.o(RESET)
</UL>
<P><STRONG><a name="[9]"></a>SysTick_Handler</STRONG> (Thumb, 2 bytes, Stack size 0 bytes, stm32f10x_it.o(i.SysTick_Handler))
<BR>[Address Reference Count : 1]<UL><LI> startup_stm32f10x_md_vl.o(RESET)
</UL>
<P><STRONG><a name="[34]"></a>SystemInit</STRONG> (Thumb, 56 bytes, Stack size 0 bytes, system_stm32f10x.o(i.SystemInit))
<BR><BR>[Stack]<UL><LI>Max Depth = 12<LI>Call Chain = SystemInit &rArr; SetSysClockTo24
</UL>
<BR>[Calls]<UL><LI><a href="#[5a]">&gt;&gt;</a>&nbsp;&nbsp;&nbsp;SetSysClockTo24
</UL>
<BR>[Address Reference Count : 1]<UL><LI> startup_stm32f10x_md_vl.o(.text)
</UL>
<P><STRONG><a name="[53]"></a>USART_ClockInit</STRONG> (Thumb, 30 bytes, Stack size 8 bytes, stm32f10x_usart.o(i.USART_ClockInit))
<BR><BR>[Stack]<UL><LI>Max Depth = 8<LI>Call Chain = USART_ClockInit
</UL>
<BR>[Called By]<UL><LI><a href="#[4d]">&gt;&gt;</a>&nbsp;&nbsp;&nbsp;Hardware_Init
</UL>

<P><STRONG><a name="[52]"></a>USART_ClockStructInit</STRONG> (Thumb, 12 bytes, Stack size 0 bytes, stm32f10x_usart.o(i.USART_ClockStructInit))
<BR><BR>[Called By]<UL><LI><a href="#[4d]">&gt;&gt;</a>&nbsp;&nbsp;&nbsp;Hardware_Init
</UL>

<P><STRONG><a name="[55]"></a>USART_Cmd</STRONG> (Thumb, 20 bytes, Stack size 0 bytes, stm32f10x_usart.o(i.USART_Cmd))
<BR><BR>[Called By]<UL><LI><a href="#[4d]">&gt;&gt;</a>&nbsp;&nbsp;&nbsp;Hardware_Init
</UL>

<P><STRONG><a name="[5d]"></a>USART_GetFlagStatus</STRONG> (Thumb, 14 bytes, Stack size 0 bytes, stm32f10x_usart.o(i.USART_GetFlagStatus))
<BR><BR>[Called By]<UL><LI><a href="#[5f]">&gt;&gt;</a>&nbsp;&nbsp;&nbsp;USART_SendCipherText
<LI><a href="#[5c]">&gt;&gt;</a>&nbsp;&nbsp;&nbsp;USART_ReceivePlainText
</UL>

<P><STRONG><a name="[54]"></a>USART_Init</STRONG> (Thumb, 176 bytes, Stack size 32 bytes, stm32f10x_usart.o(i.USART_Init))
<BR><BR>[Stack]<UL><LI>Max Depth = 44<LI>Call Chain = USART_Init &rArr; RCC_GetClocksFreq
</UL>
<BR>[Calls]<UL><LI><a href="#[5b]">&gt;&gt;</a>&nbsp;&nbsp;&nbsp;RCC_GetClocksFreq
</UL>
<BR>[Called By]<UL><LI><a href="#[4d]">&gt;&gt;</a>&nbsp;&nbsp;&nbsp;Hardware_Init
</UL>

<P><STRONG><a name="[5e]"></a>USART_ReceiveData</STRONG> (Thumb, 8 bytes, Stack size 0 bytes, stm32f10x_usart.o(i.USART_ReceiveData))
<BR><BR>[Called By]<UL><LI><a href="#[5c]">&gt;&gt;</a>&nbsp;&nbsp;&nbsp;USART_ReceivePlainText
</UL>

<P><STRONG><a name="[5c]"></a>USART_ReceivePlainText</STRONG> (Thumb, 82 bytes, Stack size 24 bytes, main.o(i.USART_ReceivePlainText))
<BR><BR>[Stack]<UL><LI>Max Depth = 24<LI>Call Chain = USART_ReceivePlainText
</UL>
<BR>[Calls]<UL><LI><a href="#[5e]">&gt;&gt;</a>&nbsp;&nbsp;&nbsp;USART_ReceiveData
<LI><a href="#[5d]">&gt;&gt;</a>&nbsp;&nbsp;&nbsp;USART_GetFlagStatus
</UL>
<BR>[Called By]<UL><LI><a href="#[33]">&gt;&gt;</a>&nbsp;&nbsp;&nbsp;main
</UL>

<P><STRONG><a name="[5f]"></a>USART_SendCipherText</STRONG> (Thumb, 56 bytes, Stack size 16 bytes, main.o(i.USART_SendCipherText))
<BR><BR>[Stack]<UL><LI>Max Depth = 16<LI>Call Chain = USART_SendCipherText
</UL>
<BR>[Calls]<UL><LI><a href="#[60]">&gt;&gt;</a>&nbsp;&nbsp;&nbsp;USART_SendData
<LI><a href="#[5d]">&gt;&gt;</a>&nbsp;&nbsp;&nbsp;USART_GetFlagStatus
</UL>
<BR>[Called By]<UL><LI><a href="#[33]">&gt;&gt;</a>&nbsp;&nbsp;&nbsp;main
</UL>

<P><STRONG><a name="[60]"></a>USART_SendData</STRONG> (Thumb, 8 bytes, Stack size 0 bytes, stm32f10x_usart.o(i.USART_SendData))
<BR><BR>[Called By]<UL><LI><a href="#[5f]">&gt;&gt;</a>&nbsp;&nbsp;&nbsp;USART_SendCipherText
</UL>

<P><STRONG><a name="[5]"></a>UsageFault_Handler</STRONG> (Thumb, 2 bytes, Stack size 0 bytes, stm32f10x_it.o(i.UsageFault_Handler))
<BR><BR>[Calls]<UL><LI><a href="#[5]">&gt;&gt;</a>&nbsp;&nbsp;&nbsp;UsageFault_Handler
</UL>
<BR>[Called By]<UL><LI><a href="#[5]">&gt;&gt;</a>&nbsp;&nbsp;&nbsp;UsageFault_Handler
</UL>
<BR>[Address Reference Count : 1]<UL><LI> startup_stm32f10x_md_vl.o(RESET)
</UL>
<P><STRONG><a name="[6b]"></a>__scatterload_copy</STRONG> (Thumb, 14 bytes, Stack size unknown bytes, handlers.o(i.__scatterload_copy), UNUSED)

<P><STRONG><a name="[6c]"></a>__scatterload_null</STRONG> (Thumb, 2 bytes, Stack size unknown bytes, handlers.o(i.__scatterload_null), UNUSED)

<P><STRONG><a name="[6d]"></a>__scatterload_zeroinit</STRONG> (Thumb, 14 bytes, Stack size unknown bytes, handlers.o(i.__scatterload_zeroinit), UNUSED)

<P><STRONG><a name="[3a]"></a>addRoundKey</STRONG> (Thumb, 26 bytes, Stack size 8 bytes, main.o(i.addRoundKey))
<BR><BR>[Stack]<UL><LI>Max Depth = 8<LI>Call Chain = addRoundKey
</UL>
<BR>[Called By]<UL><LI><a href="#[39]">&gt;&gt;</a>&nbsp;&nbsp;&nbsp;AES_Run
</UL>

<P><STRONG><a name="[3e]"></a>computeKey</STRONG> (Thumb, 166 bytes, Stack size 32 bytes, main.o(i.computeKey))
<BR><BR>[Stack]<UL><LI>Max Depth = 32<LI>Call Chain = computeKey
</UL>
<BR>[Called By]<UL><LI><a href="#[39]">&gt;&gt;</a>&nbsp;&nbsp;&nbsp;AES_Run
</UL>

<P><STRONG><a name="[33]"></a>main</STRONG> (Thumb, 26 bytes, Stack size 0 bytes, main.o(i.main))
<BR><BR>[Stack]<UL><LI>Max Depth = 92<LI>Call Chain = main &rArr; Hardware_Init &rArr; USART_Init &rArr; RCC_GetClocksFreq
</UL>
<BR>[Calls]<UL><LI><a href="#[5f]">&gt;&gt;</a>&nbsp;&nbsp;&nbsp;USART_SendCipherText
<LI><a href="#[5c]">&gt;&gt;</a>&nbsp;&nbsp;&nbsp;USART_ReceivePlainText
<LI><a href="#[4d]">&gt;&gt;</a>&nbsp;&nbsp;&nbsp;Hardware_Init
<LI><a href="#[39]">&gt;&gt;</a>&nbsp;&nbsp;&nbsp;AES_Run
<LI><a href="#[61]">&gt;&gt;</a>&nbsp;&nbsp;&nbsp;AES_InitState
<LI><a href="#[62]">&gt;&gt;</a>&nbsp;&nbsp;&nbsp;AES_InitKey
</UL>
<BR>[Address Reference Count : 1]<UL><LI> entry9a.o(.ARM.Collect$$$$0000000B)
</UL>
<P><STRONG><a name="[3d]"></a>mixColumns</STRONG> (Thumb, 112 bytes, Stack size 28 bytes, main.o(i.mixColumns))
<BR><BR>[Stack]<UL><LI>Max Depth = 28<LI>Call Chain = mixColumns
</UL>
<BR>[Calls]<UL><LI><a href="#[63]">&gt;&gt;</a>&nbsp;&nbsp;&nbsp;xtime
</UL>
<BR>[Called By]<UL><LI><a href="#[39]">&gt;&gt;</a>&nbsp;&nbsp;&nbsp;AES_Run
</UL>

<P><STRONG><a name="[3c]"></a>shiftRows</STRONG> (Thumb, 52 bytes, Stack size 0 bytes, main.o(i.shiftRows))
<BR><BR>[Called By]<UL><LI><a href="#[39]">&gt;&gt;</a>&nbsp;&nbsp;&nbsp;AES_Run
</UL>

<P><STRONG><a name="[3b]"></a>subBytes</STRONG> (Thumb, 20 bytes, Stack size 0 bytes, main.o(i.subBytes))
<BR><BR>[Called By]<UL><LI><a href="#[39]">&gt;&gt;</a>&nbsp;&nbsp;&nbsp;AES_Run
</UL>

<P><STRONG><a name="[63]"></a>xtime</STRONG> (Thumb, 18 bytes, Stack size 0 bytes, main.o(i.xtime))
<BR><BR>[Called By]<UL><LI><a href="#[3d]">&gt;&gt;</a>&nbsp;&nbsp;&nbsp;mixColumns
</UL>
<P>
<H3>
Local Symbols
</H3>
<P><STRONG><a name="[5a]"></a>SetSysClockTo24</STRONG> (Thumb, 130 bytes, Stack size 12 bytes, system_stm32f10x.o(i.SetSysClockTo24))
<BR><BR>[Stack]<UL><LI>Max Depth = 12<LI>Call Chain = SetSysClockTo24
</UL>
<BR>[Called By]<UL><LI><a href="#[34]">&gt;&gt;</a>&nbsp;&nbsp;&nbsp;SystemInit
</UL>

<P><STRONG><a name="[58]"></a>NVIC_SetPriority</STRONG> (Thumb, 22 bytes, Stack size 0 bytes, main.o(i.NVIC_SetPriority))
<BR><BR>[Called By]<UL><LI><a href="#[51]">&gt;&gt;</a>&nbsp;&nbsp;&nbsp;NVIC_Initialisation
</UL>
<P>
<H3>
Undefined Global Symbols
</H3><HR></body></html>
