ARM Linker, 5.03 [Build 24] [MDK-ARM Lite]

==============================================================================

Section Cross References

    stm32f10x_gpio.o(i.GPIO_AFIODeInit) refers to stm32f10x_rcc.o(i.RCC_APB2PeriphResetCmd) for RCC_APB2PeriphResetCmd
    stm32f10x_gpio.o(i.GPIO_DeInit) refers to stm32f10x_rcc.o(i.RCC_APB2PeriphResetCmd) for RCC_APB2PeriphResetCmd
    stm32f10x_rcc.o(i.RCC_GetClocksFreq) refers to stm32f10x_rcc.o(.data) for .data
    stm32f10x_rcc.o(i.RCC_WaitForHSEStartUp) refers to stm32f10x_rcc.o(i.RCC_GetFlagStatus) for RCC_GetFlagStatus
    stm32f10x_usart.o(i.USART_DeInit) refers to stm32f10x_rcc.o(i.RCC_APB2PeriphResetCmd) for RCC_APB2PeriphResetCmd
    stm32f10x_usart.o(i.USART_DeInit) refers to stm32f10x_rcc.o(i.RCC_APB1PeriphResetCmd) for RCC_APB1PeriphResetCmd
    stm32f10x_usart.o(i.USART_Init) refers to stm32f10x_rcc.o(i.RCC_GetClocksFreq) for RCC_GetClocksFreq
    stm32f10x_flash.o(i.FLASH_EnableWriteProtection) refers to stm32f10x_flash.o(i.FLASH_WaitForLastOperation) for FLASH_WaitForLastOperation
    stm32f10x_flash.o(i.FLASH_EraseAllBank1Pages) refers to stm32f10x_flash.o(i.FLASH_WaitForLastBank1Operation) for FLASH_WaitForLastBank1Operation
    stm32f10x_flash.o(i.FLASH_EraseAllPages) refers to stm32f10x_flash.o(i.FLASH_WaitForLastOperation) for FLASH_WaitForLastOperation
    stm32f10x_flash.o(i.FLASH_EraseOptionBytes) refers to stm32f10x_flash.o(i.FLASH_GetReadOutProtectionStatus) for FLASH_GetReadOutProtectionStatus
    stm32f10x_flash.o(i.FLASH_EraseOptionBytes) refers to stm32f10x_flash.o(i.FLASH_WaitForLastOperation) for FLASH_WaitForLastOperation
    stm32f10x_flash.o(i.FLASH_ErasePage) refers to stm32f10x_flash.o(i.FLASH_WaitForLastOperation) for FLASH_WaitForLastOperation
    stm32f10x_flash.o(i.FLASH_ProgramHalfWord) refers to stm32f10x_flash.o(i.FLASH_WaitForLastOperation) for FLASH_WaitForLastOperation
    stm32f10x_flash.o(i.FLASH_ProgramOptionByteData) refers to stm32f10x_flash.o(i.FLASH_WaitForLastOperation) for FLASH_WaitForLastOperation
    stm32f10x_flash.o(i.FLASH_ProgramWord) refers to stm32f10x_flash.o(i.FLASH_WaitForLastOperation) for FLASH_WaitForLastOperation
    stm32f10x_flash.o(i.FLASH_ReadOutProtection) refers to stm32f10x_flash.o(i.FLASH_WaitForLastOperation) for FLASH_WaitForLastOperation
    stm32f10x_flash.o(i.FLASH_UserOptionByteConfig) refers to stm32f10x_flash.o(i.FLASH_WaitForLastOperation) for FLASH_WaitForLastOperation
    stm32f10x_flash.o(i.FLASH_WaitForLastBank1Operation) refers to stm32f10x_flash.o(i.FLASH_GetBank1Status) for FLASH_GetBank1Status
    stm32f10x_flash.o(i.FLASH_WaitForLastOperation) refers to stm32f10x_flash.o(i.FLASH_GetBank1Status) for FLASH_GetBank1Status
    stm32f10x_pwr.o(i.PWR_DeInit) refers to stm32f10x_rcc.o(i.RCC_APB1PeriphResetCmd) for RCC_APB1PeriphResetCmd
    system_stm32f10x.o(i.SystemCoreClockUpdate) refers to system_stm32f10x.o(.data) for .data
    system_stm32f10x.o(i.SystemInit) refers to system_stm32f10x.o(i.SetSysClockTo24) for SetSysClockTo24
    startup_stm32f10x_md_vl.o(RESET) refers to startup_stm32f10x_md_vl.o(STACK) for __initial_sp
    startup_stm32f10x_md_vl.o(RESET) refers to startup_stm32f10x_md_vl.o(.text) for Reset_Handler
    startup_stm32f10x_md_vl.o(RESET) refers to stm32f10x_it.o(i.NMI_Handler) for NMI_Handler
    startup_stm32f10x_md_vl.o(RESET) refers to stm32f10x_it.o(i.HardFault_Handler) for HardFault_Handler
    startup_stm32f10x_md_vl.o(RESET) refers to stm32f10x_it.o(i.MemManage_Handler) for MemManage_Handler
    startup_stm32f10x_md_vl.o(RESET) refers to stm32f10x_it.o(i.BusFault_Handler) for BusFault_Handler
    startup_stm32f10x_md_vl.o(RESET) refers to stm32f10x_it.o(i.UsageFault_Handler) for UsageFault_Handler
    startup_stm32f10x_md_vl.o(RESET) refers to stm32f10x_it.o(i.SVC_Handler) for SVC_Handler
    startup_stm32f10x_md_vl.o(RESET) refers to stm32f10x_it.o(i.DebugMon_Handler) for DebugMon_Handler
    startup_stm32f10x_md_vl.o(RESET) refers to stm32f10x_it.o(i.PendSV_Handler) for PendSV_Handler
    startup_stm32f10x_md_vl.o(RESET) refers to stm32f10x_it.o(i.SysTick_Handler) for SysTick_Handler
    startup_stm32f10x_md_vl.o(.text) refers to system_stm32f10x.o(i.SystemInit) for SystemInit
    startup_stm32f10x_md_vl.o(.text) refers to entry.o(.ARM.Collect$$$$00000000) for __main
    main.o(i.AES_InitKey) refers to main.o(.bss) for .bss
    main.o(i.AES_InitState) refers to main.o(.bss) for .bss
    main.o(i.AES_Run) refers to main.o(i.addRoundKey) for addRoundKey
    main.o(i.AES_Run) refers to main.o(i.subBytes) for subBytes
    main.o(i.AES_Run) refers to main.o(i.shiftRows) for shiftRows
    main.o(i.AES_Run) refers to main.o(i.mixColumns) for mixColumns
    main.o(i.AES_Run) refers to main.o(i.computeKey) for computeKey
    main.o(i.AES_Run) refers to main.o(.data) for .data
    main.o(i.Clock_Init) refers to stm32f10x_rcc.o(i.RCC_HSEConfig) for RCC_HSEConfig
    main.o(i.Clock_Init) refers to stm32f10x_rcc.o(i.RCC_WaitForHSEStartUp) for RCC_WaitForHSEStartUp
    main.o(i.Clock_Init) refers to stm32f10x_rcc.o(i.RCC_PLLConfig) for RCC_PLLConfig
    main.o(i.Clock_Init) refers to stm32f10x_rcc.o(i.RCC_PLLCmd) for RCC_PLLCmd
    main.o(i.Clock_Init) refers to stm32f10x_rcc.o(i.RCC_SYSCLKConfig) for RCC_SYSCLKConfig
    main.o(i.Clock_Init) refers to stm32f10x_rcc.o(i.RCC_HCLKConfig) for RCC_HCLKConfig
    main.o(i.Clock_Init) refers to stm32f10x_rcc.o(i.RCC_PCLK1Config) for RCC_PCLK1Config
    main.o(i.Clock_Init) refers to stm32f10x_rcc.o(i.RCC_PCLK2Config) for RCC_PCLK2Config
    main.o(i.Clock_Init) refers to stm32f10x_rcc.o(i.RCC_ClockSecuritySystemCmd) for RCC_ClockSecuritySystemCmd
    main.o(i.Clock_Init) refers to stm32f10x_rcc.o(i.RCC_AHBPeriphClockCmd) for RCC_AHBPeriphClockCmd
    main.o(i.Clock_Init) refers to stm32f10x_rcc.o(i.RCC_APB2PeriphClockCmd) for RCC_APB2PeriphClockCmd
    main.o(i.Clock_Init) refers to stm32f10x_flash.o(i.FLASH_SetLatency) for FLASH_SetLatency
    main.o(i.Clock_Init) refers to stm32f10x_flash.o(i.FLASH_PrefetchBufferCmd) for FLASH_PrefetchBufferCmd
    main.o(i.Hardware_Init) refers to main.o(i.Clock_Init) for Clock_Init
    main.o(i.Hardware_Init) refers to stm32f10x_pwr.o(i.PWR_PVDLevelConfig) for PWR_PVDLevelConfig
    main.o(i.Hardware_Init) refers to stm32f10x_pwr.o(i.PWR_PVDCmd) for PWR_PVDCmd
    main.o(i.Hardware_Init) refers to stm32f10x_gpio.o(i.GPIO_Init) for GPIO_Init
    main.o(i.Hardware_Init) refers to main.o(i.NVIC_Initialisation) for NVIC_Initialisation
    main.o(i.Hardware_Init) refers to stm32f10x_usart.o(i.USART_ClockStructInit) for USART_ClockStructInit
    main.o(i.Hardware_Init) refers to stm32f10x_usart.o(i.USART_ClockInit) for USART_ClockInit
    main.o(i.Hardware_Init) refers to stm32f10x_usart.o(i.USART_Init) for USART_Init
    main.o(i.Hardware_Init) refers to stm32f10x_usart.o(i.USART_Cmd) for USART_Cmd
    main.o(i.NVIC_Initialisation) refers to stm32f10x_exti.o(i.EXTI_Init) for EXTI_Init
    main.o(i.NVIC_Initialisation) refers to misc.o(i.NVIC_Init) for NVIC_Init
    main.o(i.NVIC_Initialisation) refers to main.o(i.NVIC_SetPriority) for NVIC_SetPriority
    main.o(i.USART_ReceivePlainText) refers to stm32f10x_usart.o(i.USART_GetFlagStatus) for USART_GetFlagStatus
    main.o(i.USART_ReceivePlainText) refers to stm32f10x_usart.o(i.USART_ReceiveData) for USART_ReceiveData
    main.o(i.USART_ReceivePlainText) refers to main.o(.bss) for .bss
    main.o(i.USART_SendCipherText) refers to stm32f10x_usart.o(i.USART_GetFlagStatus) for USART_GetFlagStatus
    main.o(i.USART_SendCipherText) refers to stm32f10x_usart.o(i.USART_SendData) for USART_SendData
    main.o(i.USART_SendCipherText) refers to main.o(.bss) for .bss
    main.o(i.addRoundKey) refers to main.o(.bss) for .bss
    main.o(i.computeKey) refers to main.o(.bss) for .bss
    main.o(i.computeKey) refers to main.o(.constdata) for .constdata
    main.o(i.main) refers to main.o(i.Hardware_Init) for Hardware_Init
    main.o(i.main) refers to main.o(i.AES_InitState) for AES_InitState
    main.o(i.main) refers to main.o(i.AES_InitKey) for AES_InitKey
    main.o(i.main) refers to main.o(i.USART_ReceivePlainText) for USART_ReceivePlainText
    main.o(i.main) refers to main.o(i.AES_Run) for AES_Run
    main.o(i.main) refers to main.o(i.USART_SendCipherText) for USART_SendCipherText
    main.o(i.mixColumns) refers to main.o(i.xtime) for xtime
    main.o(i.mixColumns) refers to main.o(.bss) for .bss
    main.o(i.shiftRows) refers to main.o(.bss) for .bss
    main.o(i.subBytes) refers to main.o(.bss) for .bss
    main.o(i.subBytes) refers to main.o(.constdata) for .constdata
    stm32vldiscovery.o(i.STM32vldiscovery_LEDInit) refers to stm32f10x_rcc.o(i.RCC_APB2PeriphClockCmd) for RCC_APB2PeriphClockCmd
    stm32vldiscovery.o(i.STM32vldiscovery_LEDInit) refers to stm32f10x_gpio.o(i.GPIO_Init) for GPIO_Init
    stm32vldiscovery.o(i.STM32vldiscovery_LEDInit) refers to stm32vldiscovery.o(.constdata) for .constdata
    stm32vldiscovery.o(i.STM32vldiscovery_LEDInit) refers to stm32vldiscovery.o(.data) for .data
    stm32vldiscovery.o(i.STM32vldiscovery_LEDOff) refers to stm32vldiscovery.o(.constdata) for .constdata
    stm32vldiscovery.o(i.STM32vldiscovery_LEDOff) refers to stm32vldiscovery.o(.data) for .data
    stm32vldiscovery.o(i.STM32vldiscovery_LEDOn) refers to stm32vldiscovery.o(.constdata) for .constdata
    stm32vldiscovery.o(i.STM32vldiscovery_LEDOn) refers to stm32vldiscovery.o(.data) for .data
    stm32vldiscovery.o(i.STM32vldiscovery_LEDToggle) refers to stm32vldiscovery.o(.data) for .data
    stm32vldiscovery.o(i.STM32vldiscovery_LEDToggle) refers to stm32vldiscovery.o(.constdata) for .constdata
    stm32vldiscovery.o(i.STM32vldiscovery_PBGetState) refers to stm32f10x_gpio.o(i.GPIO_ReadInputDataBit) for GPIO_ReadInputDataBit
    stm32vldiscovery.o(i.STM32vldiscovery_PBGetState) refers to stm32vldiscovery.o(.constdata) for .constdata
    stm32vldiscovery.o(i.STM32vldiscovery_PBGetState) refers to stm32vldiscovery.o(.data) for .data
    stm32vldiscovery.o(i.STM32vldiscovery_PBInit) refers to stm32f10x_rcc.o(i.RCC_APB2PeriphClockCmd) for RCC_APB2PeriphClockCmd
    stm32vldiscovery.o(i.STM32vldiscovery_PBInit) refers to stm32f10x_gpio.o(i.GPIO_Init) for GPIO_Init
    stm32vldiscovery.o(i.STM32vldiscovery_PBInit) refers to stm32f10x_gpio.o(i.GPIO_EXTILineConfig) for GPIO_EXTILineConfig
    stm32vldiscovery.o(i.STM32vldiscovery_PBInit) refers to stm32f10x_exti.o(i.EXTI_Init) for EXTI_Init
    stm32vldiscovery.o(i.STM32vldiscovery_PBInit) refers to misc.o(i.NVIC_Init) for NVIC_Init
    stm32vldiscovery.o(i.STM32vldiscovery_PBInit) refers to stm32vldiscovery.o(.constdata) for .constdata
    stm32vldiscovery.o(i.STM32vldiscovery_PBInit) refers to stm32vldiscovery.o(.data) for .data
    entry.o(.ARM.Collect$$$$00000000) refers (Special) to entry10a.o(.ARM.Collect$$$$0000000D) for __rt_final_cpp
    entry.o(.ARM.Collect$$$$00000000) refers (Special) to entry11a.o(.ARM.Collect$$$$0000000F) for __rt_final_exit
    entry.o(.ARM.Collect$$$$00000000) refers (Special) to entry7b.o(.ARM.Collect$$$$00000008) for _main_clock
    entry.o(.ARM.Collect$$$$00000000) refers (Special) to entry8b.o(.ARM.Collect$$$$0000000A) for _main_cpp_init
    entry.o(.ARM.Collect$$$$00000000) refers (Special) to entry9a.o(.ARM.Collect$$$$0000000B) for _main_init
    entry.o(.ARM.Collect$$$$00000000) refers (Special) to entry5.o(.ARM.Collect$$$$00000004) for _main_scatterload
    entry.o(.ARM.Collect$$$$00000000) refers (Special) to entry2.o(.ARM.Collect$$$$00000001) for _main_stk
    entry2.o(.ARM.Collect$$$$00000001) refers to entry2.o(.ARM.Collect$$$$00002712) for __lit__00000000
    entry2.o(.ARM.Collect$$$$00002712) refers to startup_stm32f10x_md_vl.o(STACK) for __initial_sp
    entry2.o(__vectab_stack_and_reset_area) refers to startup_stm32f10x_md_vl.o(STACK) for __initial_sp
    entry2.o(__vectab_stack_and_reset_area) refers to entry.o(.ARM.Collect$$$$00000000) for __main
    entry5.o(.ARM.Collect$$$$00000004) refers to init.o(.text) for __scatterload
    entry9a.o(.ARM.Collect$$$$0000000B) refers to main.o(i.main) for main
    entry9b.o(.ARM.Collect$$$$0000000C) refers to main.o(i.main) for main
    init.o(.text) refers to entry5.o(.ARM.Collect$$$$00000004) for __main_after_scatterload


==============================================================================

Removing Unused input sections from the image.

    Removing misc.o(i.NVIC_PriorityGroupConfig), (20 bytes).
    Removing misc.o(i.NVIC_SetVectorTable), (20 bytes).
    Removing misc.o(i.NVIC_SystemLPConfig), (24 bytes).
    Removing misc.o(i.SysTick_CLKSourceConfig), (24 bytes).
    Removing stm32f10x_exti.o(i.EXTI_ClearFlag), (12 bytes).
    Removing stm32f10x_exti.o(i.EXTI_ClearITPendingBit), (12 bytes).
    Removing stm32f10x_exti.o(i.EXTI_DeInit), (36 bytes).
    Removing stm32f10x_exti.o(i.EXTI_GenerateSWInterrupt), (16 bytes).
    Removing stm32f10x_exti.o(i.EXTI_GetFlagStatus), (20 bytes).
    Removing stm32f10x_exti.o(i.EXTI_GetITStatus), (32 bytes).
    Removing stm32f10x_exti.o(i.EXTI_StructInit), (14 bytes).
    Removing stm32f10x_gpio.o(i.GPIO_AFIODeInit), (22 bytes).
    Removing stm32f10x_gpio.o(i.GPIO_DeInit), (180 bytes).
    Removing stm32f10x_gpio.o(i.GPIO_ETH_MediaInterfaceConfig), (12 bytes).
    Removing stm32f10x_gpio.o(i.GPIO_EXTILineConfig), (40 bytes).
    Removing stm32f10x_gpio.o(i.GPIO_EventOutputCmd), (12 bytes).
    Removing stm32f10x_gpio.o(i.GPIO_EventOutputConfig), (28 bytes).
    Removing stm32f10x_gpio.o(i.GPIO_PinLockConfig), (16 bytes).
    Removing stm32f10x_gpio.o(i.GPIO_PinRemapConfig), (88 bytes).
    Removing stm32f10x_gpio.o(i.GPIO_ReadInputData), (6 bytes).
    Removing stm32f10x_gpio.o(i.GPIO_ReadInputDataBit), (14 bytes).
    Removing stm32f10x_gpio.o(i.GPIO_ReadOutputData), (6 bytes).
    Removing stm32f10x_gpio.o(i.GPIO_ReadOutputDataBit), (14 bytes).
    Removing stm32f10x_gpio.o(i.GPIO_ResetBits), (4 bytes).
    Removing stm32f10x_gpio.o(i.GPIO_SetBits), (4 bytes).
    Removing stm32f10x_gpio.o(i.GPIO_StructInit), (16 bytes).
    Removing stm32f10x_gpio.o(i.GPIO_Write), (4 bytes).
    Removing stm32f10x_gpio.o(i.GPIO_WriteBit), (10 bytes).
    Removing stm32f10x_rcc.o(i.RCC_ADCCLKConfig), (20 bytes).
    Removing stm32f10x_rcc.o(i.RCC_APB1PeriphClockCmd), (24 bytes).
    Removing stm32f10x_rcc.o(i.RCC_APB1PeriphResetCmd), (24 bytes).
    Removing stm32f10x_rcc.o(i.RCC_APB2PeriphResetCmd), (24 bytes).
    Removing stm32f10x_rcc.o(i.RCC_AdjustHSICalibrationValue), (20 bytes).
    Removing stm32f10x_rcc.o(i.RCC_BackupResetCmd), (12 bytes).
    Removing stm32f10x_rcc.o(i.RCC_ClearFlag), (16 bytes).
    Removing stm32f10x_rcc.o(i.RCC_ClearITPendingBit), (12 bytes).
    Removing stm32f10x_rcc.o(i.RCC_DeInit), (68 bytes).
    Removing stm32f10x_rcc.o(i.RCC_GetITStatus), (20 bytes).
    Removing stm32f10x_rcc.o(i.RCC_GetSYSCLKSource), (16 bytes).
    Removing stm32f10x_rcc.o(i.RCC_HSICmd), (12 bytes).
    Removing stm32f10x_rcc.o(i.RCC_ITConfig), (24 bytes).
    Removing stm32f10x_rcc.o(i.RCC_LSEConfig), (32 bytes).
    Removing stm32f10x_rcc.o(i.RCC_LSICmd), (12 bytes).
    Removing stm32f10x_rcc.o(i.RCC_MCOConfig), (12 bytes).
    Removing stm32f10x_rcc.o(i.RCC_PREDIV1Config), (28 bytes).
    Removing stm32f10x_rcc.o(i.RCC_RTCCLKCmd), (12 bytes).
    Removing stm32f10x_rcc.o(i.RCC_RTCCLKConfig), (16 bytes).
    Removing stm32f10x_rcc.o(i.RCC_USBCLKConfig), (12 bytes).
    Removing stm32f10x_usart.o(i.USART_ClearFlag), (6 bytes).
    Removing stm32f10x_usart.o(i.USART_ClearITPendingBit), (12 bytes).
    Removing stm32f10x_usart.o(i.USART_DMACmd), (16 bytes).
    Removing stm32f10x_usart.o(i.USART_DeInit), (116 bytes).
    Removing stm32f10x_usart.o(i.USART_GetITStatus), (62 bytes).
    Removing stm32f10x_usart.o(i.USART_HalfDuplexCmd), (20 bytes).
    Removing stm32f10x_usart.o(i.USART_ITConfig), (48 bytes).
    Removing stm32f10x_usart.o(i.USART_IrDACmd), (20 bytes).
    Removing stm32f10x_usart.o(i.USART_IrDAConfig), (16 bytes).
    Removing stm32f10x_usart.o(i.USART_LINBreakDetectLengthConfig), (16 bytes).
    Removing stm32f10x_usart.o(i.USART_LINCmd), (20 bytes).
    Removing stm32f10x_usart.o(i.USART_OneBitMethodCmd), (20 bytes).
    Removing stm32f10x_usart.o(i.USART_OverSampling8Cmd), (20 bytes).
    Removing stm32f10x_usart.o(i.USART_ReceiverWakeUpCmd), (20 bytes).
    Removing stm32f10x_usart.o(i.USART_SendBreak), (10 bytes).
    Removing stm32f10x_usart.o(i.USART_SetAddress), (16 bytes).
    Removing stm32f10x_usart.o(i.USART_SetGuardTime), (16 bytes).
    Removing stm32f10x_usart.o(i.USART_SetPrescaler), (16 bytes).
    Removing stm32f10x_usart.o(i.USART_SmartCardCmd), (20 bytes).
    Removing stm32f10x_usart.o(i.USART_SmartCardNACKCmd), (20 bytes).
    Removing stm32f10x_usart.o(i.USART_StructInit), (22 bytes).
    Removing stm32f10x_usart.o(i.USART_WakeUpConfig), (16 bytes).
    Removing stm32f10x_flash.o(i.FLASH_ClearFlag), (12 bytes).
    Removing stm32f10x_flash.o(i.FLASH_EnableWriteProtection), (172 bytes).
    Removing stm32f10x_flash.o(i.FLASH_EraseAllBank1Pages), (60 bytes).
    Removing stm32f10x_flash.o(i.FLASH_EraseAllPages), (60 bytes).
    Removing stm32f10x_flash.o(i.FLASH_EraseOptionBytes), (124 bytes).
    Removing stm32f10x_flash.o(i.FLASH_ErasePage), (64 bytes).
    Removing stm32f10x_flash.o(i.FLASH_GetBank1Status), (40 bytes).
    Removing stm32f10x_flash.o(i.FLASH_GetFlagStatus), (32 bytes).
    Removing stm32f10x_flash.o(i.FLASH_GetPrefetchBufferStatus), (20 bytes).
    Removing stm32f10x_flash.o(i.FLASH_GetReadOutProtectionStatus), (20 bytes).
    Removing stm32f10x_flash.o(i.FLASH_GetStatus), (40 bytes).
    Removing stm32f10x_flash.o(i.FLASH_GetUserOptionByte), (12 bytes).
    Removing stm32f10x_flash.o(i.FLASH_GetWriteProtectionOptionByte), (12 bytes).
    Removing stm32f10x_flash.o(i.FLASH_HalfCycleAccessCmd), (24 bytes).
    Removing stm32f10x_flash.o(i.FLASH_ITConfig), (24 bytes).
    Removing stm32f10x_flash.o(i.FLASH_Lock), (16 bytes).
    Removing stm32f10x_flash.o(i.FLASH_LockBank1), (16 bytes).
    Removing stm32f10x_flash.o(i.FLASH_ProgramHalfWord), (56 bytes).
    Removing stm32f10x_flash.o(i.FLASH_ProgramOptionByteData), (76 bytes).
    Removing stm32f10x_flash.o(i.FLASH_ProgramWord), (84 bytes).
    Removing stm32f10x_flash.o(i.FLASH_ReadOutProtection), (136 bytes).
    Removing stm32f10x_flash.o(i.FLASH_Unlock), (24 bytes).
    Removing stm32f10x_flash.o(i.FLASH_UnlockBank1), (24 bytes).
    Removing stm32f10x_flash.o(i.FLASH_UserOptionByteConfig), (96 bytes).
    Removing stm32f10x_flash.o(i.FLASH_WaitForLastBank1Operation), (34 bytes).
    Removing stm32f10x_flash.o(i.FLASH_WaitForLastOperation), (34 bytes).
    Removing stm32f10x_pwr.o(i.PWR_BackupAccessCmd), (12 bytes).
    Removing stm32f10x_pwr.o(i.PWR_ClearFlag), (16 bytes).
    Removing stm32f10x_pwr.o(i.PWR_DeInit), (24 bytes).
    Removing stm32f10x_pwr.o(i.PWR_EnterSTANDBYMode), (40 bytes).
    Removing stm32f10x_pwr.o(i.PWR_EnterSTOPMode), (52 bytes).
    Removing stm32f10x_pwr.o(i.PWR_GetFlagStatus), (20 bytes).
    Removing stm32f10x_pwr.o(i.PWR_WakeUpPinCmd), (12 bytes).
    Removing system_stm32f10x.o(i.SystemCoreClockUpdate), (108 bytes).
    Removing system_stm32f10x.o(.data), (20 bytes).
    Removing core_cm3.o(.emb_text), (32 bytes).
    Removing startup_stm32f10x_md_vl.o(HEAP), (512 bytes).
    Removing stm32vldiscovery.o(i.STM32vldiscovery_LEDInit), (64 bytes).
    Removing stm32vldiscovery.o(i.STM32vldiscovery_LEDOff), (24 bytes).
    Removing stm32vldiscovery.o(i.STM32vldiscovery_LEDOn), (24 bytes).
    Removing stm32vldiscovery.o(i.STM32vldiscovery_LEDToggle), (28 bytes).
    Removing stm32vldiscovery.o(i.STM32vldiscovery_PBGetState), (24 bytes).
    Removing stm32vldiscovery.o(i.STM32vldiscovery_PBInit), (148 bytes).
    Removing stm32vldiscovery.o(.constdata), (28 bytes).
    Removing stm32vldiscovery.o(.data), (12 bytes).

115 unused section(s) (total 4182 bytes) removed from the image.

==============================================================================

Image Symbol Table

    Local Symbols

    Symbol Name                              Value     Ov Type        Size  Object(Section)

    ../clib/microlib/init/entry.s            0x00000000   Number         0  entry11a.o ABSOLUTE
    ../clib/microlib/init/entry.s            0x00000000   Number         0  entry11b.o ABSOLUTE
    ../clib/microlib/init/entry.s            0x00000000   Number         0  entry10b.o ABSOLUTE
    ../clib/microlib/init/entry.s            0x00000000   Number         0  entry10a.o ABSOLUTE
    ../clib/microlib/init/entry.s            0x00000000   Number         0  entry9b.o ABSOLUTE
    ../clib/microlib/init/entry.s            0x00000000   Number         0  entry9a.o ABSOLUTE
    ../clib/microlib/init/entry.s            0x00000000   Number         0  entry8b.o ABSOLUTE
    ../clib/microlib/init/entry.s            0x00000000   Number         0  entry8a.o ABSOLUTE
    ../clib/microlib/init/entry.s            0x00000000   Number         0  entry7b.o ABSOLUTE
    ../clib/microlib/init/entry.s            0x00000000   Number         0  entry7a.o ABSOLUTE
    ../clib/microlib/init/entry.s            0x00000000   Number         0  entry5.o ABSOLUTE
    ../clib/microlib/init/entry.s            0x00000000   Number         0  entry.o ABSOLUTE
    ../clib/microlib/init/entry.s            0x00000000   Number         0  entry2.o ABSOLUTE
    ..\main.c                                0x00000000   Number         0  main.o ABSOLUTE
    ..\stm32f10x_it.c                        0x00000000   Number         0  stm32f10x_it.o ABSOLUTE
    C:\Keil\ARM\Libraries\CMSIS\CM3\CoreSupport\core_cm3.c 0x00000000   Number         0  core_cm3.o ABSOLUTE
    C:\Keil\ARM\Libraries\CMSIS\CM3\DeviceSupport\ST\STM32F10x\startup\arm\startup_stm32f10x_md_vl.s 0x00000000   Number         0  startup_stm32f10x_md_vl.o ABSOLUTE
    C:\Keil\ARM\Libraries\CMSIS\CM3\DeviceSupport\ST\STM32F10x\system_stm32f10x.c 0x00000000   Number         0  system_stm32f10x.o ABSOLUTE
    C:\Keil\ARM\Libraries\STM32F10x_StdPeriph_Driver\src\misc.c 0x00000000   Number         0  misc.o ABSOLUTE
    C:\Keil\ARM\Libraries\STM32F10x_StdPeriph_Driver\src\stm32f10x_exti.c 0x00000000   Number         0  stm32f10x_exti.o ABSOLUTE
    C:\Keil\ARM\Libraries\STM32F10x_StdPeriph_Driver\src\stm32f10x_flash.c 0x00000000   Number         0  stm32f10x_flash.o ABSOLUTE
    C:\Keil\ARM\Libraries\STM32F10x_StdPeriph_Driver\src\stm32f10x_gpio.c 0x00000000   Number         0  stm32f10x_gpio.o ABSOLUTE
    C:\Keil\ARM\Libraries\STM32F10x_StdPeriph_Driver\src\stm32f10x_pwr.c 0x00000000   Number         0  stm32f10x_pwr.o ABSOLUTE
    C:\Keil\ARM\Libraries\STM32F10x_StdPeriph_Driver\src\stm32f10x_rcc.c 0x00000000   Number         0  stm32f10x_rcc.o ABSOLUTE
    C:\Keil\ARM\Libraries\STM32F10x_StdPeriph_Driver\src\stm32f10x_usart.c 0x00000000   Number         0  stm32f10x_usart.o ABSOLUTE
    C:\Keil\ARM\Utilities\STM32vldiscovery.c 0x00000000   Number         0  stm32vldiscovery.o ABSOLUTE
    C:\\Keil\\ARM\\Libraries\\CMSIS\\CM3\\CoreSupport\\core_cm3.c 0x00000000   Number         0  core_cm3.o ABSOLUTE
    dc.s                                     0x00000000   Number         0  dc.o ABSOLUTE
    handlers.s                               0x00000000   Number         0  handlers.o ABSOLUTE
    init.s                                   0x00000000   Number         0  init.o ABSOLUTE
    RESET                                    0x08000000   Section      288  startup_stm32f10x_md_vl.o(RESET)
    .ARM.Collect$$$$00000000                 0x08000120   Section        0  entry.o(.ARM.Collect$$$$00000000)
    .ARM.Collect$$$$00000001                 0x08000120   Section        4  entry2.o(.ARM.Collect$$$$00000001)
    .ARM.Collect$$$$00000004                 0x08000124   Section        4  entry5.o(.ARM.Collect$$$$00000004)
    .ARM.Collect$$$$00000008                 0x08000128   Section        0  entry7b.o(.ARM.Collect$$$$00000008)
    .ARM.Collect$$$$0000000A                 0x08000128   Section        0  entry8b.o(.ARM.Collect$$$$0000000A)
    .ARM.Collect$$$$0000000B                 0x08000128   Section        8  entry9a.o(.ARM.Collect$$$$0000000B)
    .ARM.Collect$$$$0000000D                 0x08000130   Section        0  entry10a.o(.ARM.Collect$$$$0000000D)
    .ARM.Collect$$$$0000000F                 0x08000130   Section        0  entry11a.o(.ARM.Collect$$$$0000000F)
    .ARM.Collect$$$$00002712                 0x08000130   Section        4  entry2.o(.ARM.Collect$$$$00002712)
    __lit__00000000                          0x08000130   Data           4  entry2.o(.ARM.Collect$$$$00002712)
    .text                                    0x08000134   Section       36  startup_stm32f10x_md_vl.o(.text)
    .text                                    0x08000158   Section       36  init.o(.text)
    i.AES_InitKey                            0x0800017c   Section        0  main.o(i.AES_InitKey)
    i.AES_InitState                          0x080001c4   Section        0  main.o(i.AES_InitState)
    i.AES_Run                                0x080001f0   Section        0  main.o(i.AES_Run)
    i.BusFault_Handler                       0x08000250   Section        0  stm32f10x_it.o(i.BusFault_Handler)
    i.Clock_Init                             0x08000252   Section        0  main.o(i.Clock_Init)
    i.DebugMon_Handler                       0x080002ba   Section        0  stm32f10x_it.o(i.DebugMon_Handler)
    i.EXTI_Init                              0x080002bc   Section        0  stm32f10x_exti.o(i.EXTI_Init)
    i.FLASH_PrefetchBufferCmd                0x0800032c   Section        0  stm32f10x_flash.o(i.FLASH_PrefetchBufferCmd)
    i.FLASH_SetLatency                       0x08000344   Section        0  stm32f10x_flash.o(i.FLASH_SetLatency)
    i.GPIO_Init                              0x08000358   Section        0  stm32f10x_gpio.o(i.GPIO_Init)
    i.HardFault_Handler                      0x080003f0   Section        0  stm32f10x_it.o(i.HardFault_Handler)
    i.Hardware_Init                          0x080003f4   Section        0  main.o(i.Hardware_Init)
    i.MemManage_Handler                      0x080004c8   Section        0  stm32f10x_it.o(i.MemManage_Handler)
    i.NMI_Handler                            0x080004ca   Section        0  stm32f10x_it.o(i.NMI_Handler)
    i.NVIC_Init                              0x080004cc   Section        0  misc.o(i.NVIC_Init)
    i.NVIC_Initialisation                    0x08000530   Section        0  main.o(i.NVIC_Initialisation)
    i.NVIC_SetPriority                       0x08000588   Section        0  main.o(i.NVIC_SetPriority)
    NVIC_SetPriority                         0x08000589   Thumb Code    22  main.o(i.NVIC_SetPriority)
    i.PWR_PVDCmd                             0x080005a8   Section        0  stm32f10x_pwr.o(i.PWR_PVDCmd)
    i.PWR_PVDLevelConfig                     0x080005b4   Section        0  stm32f10x_pwr.o(i.PWR_PVDLevelConfig)
    i.PendSV_Handler                         0x080005c8   Section        0  stm32f10x_it.o(i.PendSV_Handler)
    i.RCC_AHBPeriphClockCmd                  0x080005cc   Section        0  stm32f10x_rcc.o(i.RCC_AHBPeriphClockCmd)
    i.RCC_APB2PeriphClockCmd                 0x080005e4   Section        0  stm32f10x_rcc.o(i.RCC_APB2PeriphClockCmd)
    i.RCC_ClockSecuritySystemCmd             0x080005fc   Section        0  stm32f10x_rcc.o(i.RCC_ClockSecuritySystemCmd)
    i.RCC_GetClocksFreq                      0x08000608   Section        0  stm32f10x_rcc.o(i.RCC_GetClocksFreq)
    i.RCC_GetFlagStatus                      0x080006a4   Section        0  stm32f10x_rcc.o(i.RCC_GetFlagStatus)
    i.RCC_HCLKConfig                         0x080006d4   Section        0  stm32f10x_rcc.o(i.RCC_HCLKConfig)
    i.RCC_HSEConfig                          0x080006e8   Section        0  stm32f10x_rcc.o(i.RCC_HSEConfig)
    i.RCC_PCLK1Config                        0x0800071c   Section        0  stm32f10x_rcc.o(i.RCC_PCLK1Config)
    i.RCC_PCLK2Config                        0x08000730   Section        0  stm32f10x_rcc.o(i.RCC_PCLK2Config)
    i.RCC_PLLCmd                             0x08000744   Section        0  stm32f10x_rcc.o(i.RCC_PLLCmd)
    i.RCC_PLLConfig                          0x08000750   Section        0  stm32f10x_rcc.o(i.RCC_PLLConfig)
    i.RCC_SYSCLKConfig                       0x08000764   Section        0  stm32f10x_rcc.o(i.RCC_SYSCLKConfig)
    i.RCC_WaitForHSEStartUp                  0x08000778   Section        0  stm32f10x_rcc.o(i.RCC_WaitForHSEStartUp)
    i.SVC_Handler                            0x080007a4   Section        0  stm32f10x_it.o(i.SVC_Handler)
    i.SetSysClockTo24                        0x080007a8   Section        0  system_stm32f10x.o(i.SetSysClockTo24)
    SetSysClockTo24                          0x080007a9   Thumb Code   130  system_stm32f10x.o(i.SetSysClockTo24)
    i.SysTick_Handler                        0x08000830   Section        0  stm32f10x_it.o(i.SysTick_Handler)
    i.SystemInit                             0x08000834   Section        0  system_stm32f10x.o(i.SystemInit)
    i.USART_ClockInit                        0x08000878   Section        0  stm32f10x_usart.o(i.USART_ClockInit)
    i.USART_ClockStructInit                  0x08000896   Section        0  stm32f10x_usart.o(i.USART_ClockStructInit)
    i.USART_Cmd                              0x080008a2   Section        0  stm32f10x_usart.o(i.USART_Cmd)
    i.USART_GetFlagStatus                    0x080008b6   Section        0  stm32f10x_usart.o(i.USART_GetFlagStatus)
    i.USART_Init                             0x080008c4   Section        0  stm32f10x_usart.o(i.USART_Init)
    i.USART_ReceiveData                      0x08000978   Section        0  stm32f10x_usart.o(i.USART_ReceiveData)
    i.USART_ReceivePlainText                 0x08000980   Section        0  main.o(i.USART_ReceivePlainText)
    i.USART_SendCipherText                   0x080009dc   Section        0  main.o(i.USART_SendCipherText)
    i.USART_SendData                         0x08000a1c   Section        0  stm32f10x_usart.o(i.USART_SendData)
    i.UsageFault_Handler                     0x08000a24   Section        0  stm32f10x_it.o(i.UsageFault_Handler)
    i.__scatterload_copy                     0x08000a26   Section       14  handlers.o(i.__scatterload_copy)
    i.__scatterload_null                     0x08000a34   Section        2  handlers.o(i.__scatterload_null)
    i.__scatterload_zeroinit                 0x08000a36   Section       14  handlers.o(i.__scatterload_zeroinit)
    i.addRoundKey                            0x08000a44   Section        0  main.o(i.addRoundKey)
    i.computeKey                             0x08000a64   Section        0  main.o(i.computeKey)
    i.main                                   0x08000b14   Section        0  main.o(i.main)
    i.mixColumns                             0x08000b30   Section        0  main.o(i.mixColumns)
    i.shiftRows                              0x08000ba4   Section        0  main.o(i.shiftRows)
    i.subBytes                               0x08000bdc   Section        0  main.o(i.subBytes)
    i.xtime                                  0x08000bf8   Section        0  main.o(i.xtime)
    .constdata                               0x08000c0a   Section      256  main.o(.constdata)
    .data                                    0x20000000   Section       20  stm32f10x_rcc.o(.data)
    ADCPrescTable                            0x20000000   Data           4  stm32f10x_rcc.o(.data)
    APBAHBPrescTable                         0x20000004   Data          16  stm32f10x_rcc.o(.data)
    .data                                    0x20000014   Section       13  main.o(.data)
    .bss                                     0x20000024   Section       32  main.o(.bss)
    STACK                                    0x20000048   Section     1024  startup_stm32f10x_md_vl.o(STACK)

    Global Symbols

    Symbol Name                              Value     Ov Type        Size  Object(Section)

    BuildAttributes$$THM_ISAv4$P$D$K$B$S$PE$A:L22UL41UL21$X:L11$S22US41US21$IEEE1$IW$USESV6$~STKCKD$USESV7$~SHL$OSPACE$EBA8$MICROLIB$REQ8$PRES8$EABIv2 0x00000000   Number         0  anon$$obj.o ABSOLUTE
    __ARM_use_no_argv                        0x00000000   Number         0  main.o ABSOLUTE
    __cpp_initialize__aeabi_                  - Undefined Weak Reference
    __cxa_finalize                            - Undefined Weak Reference
    __decompress                              - Undefined Weak Reference
    _clock_init                               - Undefined Weak Reference
    _microlib_exit                            - Undefined Weak Reference
    __Vectors_Size                           0x00000120   Number         0  startup_stm32f10x_md_vl.o ABSOLUTE
    __Vectors                                0x08000000   Data           4  startup_stm32f10x_md_vl.o(RESET)
    __Vectors_End                            0x08000120   Data           0  startup_stm32f10x_md_vl.o(RESET)
    __main                                   0x08000121   Thumb Code     0  entry.o(.ARM.Collect$$$$00000000)
    _main_stk                                0x08000121   Thumb Code     0  entry2.o(.ARM.Collect$$$$00000001)
    _main_scatterload                        0x08000125   Thumb Code     0  entry5.o(.ARM.Collect$$$$00000004)
    __main_after_scatterload                 0x08000129   Thumb Code     0  entry5.o(.ARM.Collect$$$$00000004)
    _main_clock                              0x08000129   Thumb Code     0  entry7b.o(.ARM.Collect$$$$00000008)
    _main_cpp_init                           0x08000129   Thumb Code     0  entry8b.o(.ARM.Collect$$$$0000000A)
    _main_init                               0x08000129   Thumb Code     0  entry9a.o(.ARM.Collect$$$$0000000B)
    __rt_final_cpp                           0x08000131   Thumb Code     0  entry10a.o(.ARM.Collect$$$$0000000D)
    __rt_final_exit                          0x08000131   Thumb Code     0  entry11a.o(.ARM.Collect$$$$0000000F)
    Reset_Handler                            0x08000135   Thumb Code     8  startup_stm32f10x_md_vl.o(.text)
    ADC1_IRQHandler                          0x0800014f   Thumb Code     0  startup_stm32f10x_md_vl.o(.text)
    CEC_IRQHandler                           0x0800014f   Thumb Code     0  startup_stm32f10x_md_vl.o(.text)
    DMA1_Channel1_IRQHandler                 0x0800014f   Thumb Code     0  startup_stm32f10x_md_vl.o(.text)
    DMA1_Channel2_IRQHandler                 0x0800014f   Thumb Code     0  startup_stm32f10x_md_vl.o(.text)
    DMA1_Channel3_IRQHandler                 0x0800014f   Thumb Code     0  startup_stm32f10x_md_vl.o(.text)
    DMA1_Channel4_IRQHandler                 0x0800014f   Thumb Code     0  startup_stm32f10x_md_vl.o(.text)
    DMA1_Channel5_IRQHandler                 0x0800014f   Thumb Code     0  startup_stm32f10x_md_vl.o(.text)
    DMA1_Channel6_IRQHandler                 0x0800014f   Thumb Code     0  startup_stm32f10x_md_vl.o(.text)
    DMA1_Channel7_IRQHandler                 0x0800014f   Thumb Code     0  startup_stm32f10x_md_vl.o(.text)
    EXTI0_IRQHandler                         0x0800014f   Thumb Code     0  startup_stm32f10x_md_vl.o(.text)
    EXTI15_10_IRQHandler                     0x0800014f   Thumb Code     0  startup_stm32f10x_md_vl.o(.text)
    EXTI1_IRQHandler                         0x0800014f   Thumb Code     0  startup_stm32f10x_md_vl.o(.text)
    EXTI2_IRQHandler                         0x0800014f   Thumb Code     0  startup_stm32f10x_md_vl.o(.text)
    EXTI3_IRQHandler                         0x0800014f   Thumb Code     0  startup_stm32f10x_md_vl.o(.text)
    EXTI4_IRQHandler                         0x0800014f   Thumb Code     0  startup_stm32f10x_md_vl.o(.text)
    EXTI9_5_IRQHandler                       0x0800014f   Thumb Code     0  startup_stm32f10x_md_vl.o(.text)
    FLASH_IRQHandler                         0x0800014f   Thumb Code     0  startup_stm32f10x_md_vl.o(.text)
    I2C1_ER_IRQHandler                       0x0800014f   Thumb Code     0  startup_stm32f10x_md_vl.o(.text)
    I2C1_EV_IRQHandler                       0x0800014f   Thumb Code     0  startup_stm32f10x_md_vl.o(.text)
    I2C2_ER_IRQHandler                       0x0800014f   Thumb Code     0  startup_stm32f10x_md_vl.o(.text)
    I2C2_EV_IRQHandler                       0x0800014f   Thumb Code     0  startup_stm32f10x_md_vl.o(.text)
    PVD_IRQHandler                           0x0800014f   Thumb Code     0  startup_stm32f10x_md_vl.o(.text)
    RCC_IRQHandler                           0x0800014f   Thumb Code     0  startup_stm32f10x_md_vl.o(.text)
    RTCAlarm_IRQHandler                      0x0800014f   Thumb Code     0  startup_stm32f10x_md_vl.o(.text)
    RTC_IRQHandler                           0x0800014f   Thumb Code     0  startup_stm32f10x_md_vl.o(.text)
    SPI1_IRQHandler                          0x0800014f   Thumb Code     0  startup_stm32f10x_md_vl.o(.text)
    SPI2_IRQHandler                          0x0800014f   Thumb Code     0  startup_stm32f10x_md_vl.o(.text)
    TAMPER_IRQHandler                        0x0800014f   Thumb Code     0  startup_stm32f10x_md_vl.o(.text)
    TIM1_BRK_TIM15_IRQHandler                0x0800014f   Thumb Code     0  startup_stm32f10x_md_vl.o(.text)
    TIM1_CC_IRQHandler                       0x0800014f   Thumb Code     0  startup_stm32f10x_md_vl.o(.text)
    TIM1_TRG_COM_TIM17_IRQHandler            0x0800014f   Thumb Code     0  startup_stm32f10x_md_vl.o(.text)
    TIM1_UP_TIM16_IRQHandler                 0x0800014f   Thumb Code     0  startup_stm32f10x_md_vl.o(.text)
    TIM2_IRQHandler                          0x0800014f   Thumb Code     0  startup_stm32f10x_md_vl.o(.text)
    TIM3_IRQHandler                          0x0800014f   Thumb Code     0  startup_stm32f10x_md_vl.o(.text)
    TIM4_IRQHandler                          0x0800014f   Thumb Code     0  startup_stm32f10x_md_vl.o(.text)
    TIM6_DAC_IRQHandler                      0x0800014f   Thumb Code     0  startup_stm32f10x_md_vl.o(.text)
    TIM7_IRQHandler                          0x0800014f   Thumb Code     0  startup_stm32f10x_md_vl.o(.text)
    USART1_IRQHandler                        0x0800014f   Thumb Code     0  startup_stm32f10x_md_vl.o(.text)
    USART2_IRQHandler                        0x0800014f   Thumb Code     0  startup_stm32f10x_md_vl.o(.text)
    USART3_IRQHandler                        0x0800014f   Thumb Code     0  startup_stm32f10x_md_vl.o(.text)
    WWDG_IRQHandler                          0x0800014f   Thumb Code     0  startup_stm32f10x_md_vl.o(.text)
    __scatterload                            0x08000159   Thumb Code    28  init.o(.text)
    __scatterload_rt2                        0x08000159   Thumb Code     0  init.o(.text)
    AES_InitKey                              0x0800017d   Thumb Code    68  main.o(i.AES_InitKey)
    AES_InitState                            0x080001c5   Thumb Code    38  main.o(i.AES_InitState)
    AES_Run                                  0x080001f1   Thumb Code    88  main.o(i.AES_Run)
    BusFault_Handler                         0x08000251   Thumb Code     2  stm32f10x_it.o(i.BusFault_Handler)
    Clock_Init                               0x08000253   Thumb Code   104  main.o(i.Clock_Init)
    DebugMon_Handler                         0x080002bb   Thumb Code     2  stm32f10x_it.o(i.DebugMon_Handler)
    EXTI_Init                                0x080002bd   Thumb Code   108  stm32f10x_exti.o(i.EXTI_Init)
    FLASH_PrefetchBufferCmd                  0x0800032d   Thumb Code    18  stm32f10x_flash.o(i.FLASH_PrefetchBufferCmd)
    FLASH_SetLatency                         0x08000345   Thumb Code    14  stm32f10x_flash.o(i.FLASH_SetLatency)
    GPIO_Init                                0x08000359   Thumb Code   152  stm32f10x_gpio.o(i.GPIO_Init)
    HardFault_Handler                        0x080003f1   Thumb Code     2  stm32f10x_it.o(i.HardFault_Handler)
    Hardware_Init                            0x080003f5   Thumb Code   194  main.o(i.Hardware_Init)
    MemManage_Handler                        0x080004c9   Thumb Code     2  stm32f10x_it.o(i.MemManage_Handler)
    NMI_Handler                              0x080004cb   Thumb Code     2  stm32f10x_it.o(i.NMI_Handler)
    NVIC_Init                                0x080004cd   Thumb Code    90  misc.o(i.NVIC_Init)
    NVIC_Initialisation                      0x08000531   Thumb Code    88  main.o(i.NVIC_Initialisation)
    PWR_PVDCmd                               0x080005a9   Thumb Code     6  stm32f10x_pwr.o(i.PWR_PVDCmd)
    PWR_PVDLevelConfig                       0x080005b5   Thumb Code    14  stm32f10x_pwr.o(i.PWR_PVDLevelConfig)
    PendSV_Handler                           0x080005c9   Thumb Code     2  stm32f10x_it.o(i.PendSV_Handler)
    RCC_AHBPeriphClockCmd                    0x080005cd   Thumb Code    18  stm32f10x_rcc.o(i.RCC_AHBPeriphClockCmd)
    RCC_APB2PeriphClockCmd                   0x080005e5   Thumb Code    18  stm32f10x_rcc.o(i.RCC_APB2PeriphClockCmd)
    RCC_ClockSecuritySystemCmd               0x080005fd   Thumb Code     6  stm32f10x_rcc.o(i.RCC_ClockSecuritySystemCmd)
    RCC_GetClocksFreq                        0x08000609   Thumb Code   138  stm32f10x_rcc.o(i.RCC_GetClocksFreq)
    RCC_GetFlagStatus                        0x080006a5   Thumb Code    42  stm32f10x_rcc.o(i.RCC_GetFlagStatus)
    RCC_HCLKConfig                           0x080006d5   Thumb Code    14  stm32f10x_rcc.o(i.RCC_HCLKConfig)
    RCC_HSEConfig                            0x080006e9   Thumb Code    48  stm32f10x_rcc.o(i.RCC_HSEConfig)
    RCC_PCLK1Config                          0x0800071d   Thumb Code    14  stm32f10x_rcc.o(i.RCC_PCLK1Config)
    RCC_PCLK2Config                          0x08000731   Thumb Code    16  stm32f10x_rcc.o(i.RCC_PCLK2Config)
    RCC_PLLCmd                               0x08000745   Thumb Code     6  stm32f10x_rcc.o(i.RCC_PLLCmd)
    RCC_PLLConfig                            0x08000751   Thumb Code    16  stm32f10x_rcc.o(i.RCC_PLLConfig)
    RCC_SYSCLKConfig                         0x08000765   Thumb Code    14  stm32f10x_rcc.o(i.RCC_SYSCLKConfig)
    RCC_WaitForHSEStartUp                    0x08000779   Thumb Code    44  stm32f10x_rcc.o(i.RCC_WaitForHSEStartUp)
    SVC_Handler                              0x080007a5   Thumb Code     2  stm32f10x_it.o(i.SVC_Handler)
    SysTick_Handler                          0x08000831   Thumb Code     2  stm32f10x_it.o(i.SysTick_Handler)
    SystemInit                               0x08000835   Thumb Code    56  system_stm32f10x.o(i.SystemInit)
    USART_ClockInit                          0x08000879   Thumb Code    30  stm32f10x_usart.o(i.USART_ClockInit)
    USART_ClockStructInit                    0x08000897   Thumb Code    12  stm32f10x_usart.o(i.USART_ClockStructInit)
    USART_Cmd                                0x080008a3   Thumb Code    20  stm32f10x_usart.o(i.USART_Cmd)
    USART_GetFlagStatus                      0x080008b7   Thumb Code    14  stm32f10x_usart.o(i.USART_GetFlagStatus)
    USART_Init                               0x080008c5   Thumb Code   176  stm32f10x_usart.o(i.USART_Init)
    USART_ReceiveData                        0x08000979   Thumb Code     8  stm32f10x_usart.o(i.USART_ReceiveData)
    USART_ReceivePlainText                   0x08000981   Thumb Code    82  main.o(i.USART_ReceivePlainText)
    USART_SendCipherText                     0x080009dd   Thumb Code    56  main.o(i.USART_SendCipherText)
    USART_SendData                           0x08000a1d   Thumb Code     8  stm32f10x_usart.o(i.USART_SendData)
    UsageFault_Handler                       0x08000a25   Thumb Code     2  stm32f10x_it.o(i.UsageFault_Handler)
    __scatterload_copy                       0x08000a27   Thumb Code    14  handlers.o(i.__scatterload_copy)
    __scatterload_null                       0x08000a35   Thumb Code     2  handlers.o(i.__scatterload_null)
    __scatterload_zeroinit                   0x08000a37   Thumb Code    14  handlers.o(i.__scatterload_zeroinit)
    addRoundKey                              0x08000a45   Thumb Code    26  main.o(i.addRoundKey)
    computeKey                               0x08000a65   Thumb Code   166  main.o(i.computeKey)
    main                                     0x08000b15   Thumb Code    26  main.o(i.main)
    mixColumns                               0x08000b31   Thumb Code   112  main.o(i.mixColumns)
    shiftRows                                0x08000ba5   Thumb Code    52  main.o(i.shiftRows)
    subBytes                                 0x08000bdd   Thumb Code    20  main.o(i.subBytes)
    xtime                                    0x08000bf9   Thumb Code    18  main.o(i.xtime)
    sbox                                     0x08000c0a   Data         256  main.o(.constdata)
    Region$$Table$$Base                      0x08000d0c   Number         0  anon$$obj.o(Region$$Table)
    Region$$Table$$Limit                     0x08000d2c   Number         0  anon$$obj.o(Region$$Table)
    rcon                                     0x20000014   Data          13  main.o(.data)
    state                                    0x20000024   Data          16  main.o(.bss)
    key                                      0x20000034   Data          16  main.o(.bss)
    __initial_sp                             0x20000448   Data           0  startup_stm32f10x_md_vl.o(STACK)



==============================================================================

Memory Map of the image

  Image Entry point : 0x08000121

  Load Region LR_IROM1 (Base: 0x08000000, Size: 0x00000d50, Max: 0x00020000, ABSOLUTE)

    Execution Region ER_IROM1 (Base: 0x08000000, Size: 0x00000d2c, Max: 0x00020000, ABSOLUTE)

    Base Addr    Size         Type   Attr      Idx    E Section Name        Object

    0x08000000   0x00000120   Data   RO          905    RESET               startup_stm32f10x_md_vl.o
    0x08000120   0x00000000   Code   RO         1151  * .ARM.Collect$$$$00000000  mc_w.l(entry.o)
    0x08000120   0x00000004   Code   RO         1154    .ARM.Collect$$$$00000001  mc_w.l(entry2.o)
    0x08000124   0x00000004   Code   RO         1157    .ARM.Collect$$$$00000004  mc_w.l(entry5.o)
    0x08000128   0x00000000   Code   RO         1159    .ARM.Collect$$$$00000008  mc_w.l(entry7b.o)
    0x08000128   0x00000000   Code   RO         1161    .ARM.Collect$$$$0000000A  mc_w.l(entry8b.o)
    0x08000128   0x00000008   Code   RO         1162    .ARM.Collect$$$$0000000B  mc_w.l(entry9a.o)
    0x08000130   0x00000000   Code   RO         1164    .ARM.Collect$$$$0000000D  mc_w.l(entry10a.o)
    0x08000130   0x00000000   Code   RO         1166    .ARM.Collect$$$$0000000F  mc_w.l(entry11a.o)
    0x08000130   0x00000004   Code   RO         1155    .ARM.Collect$$$$00002712  mc_w.l(entry2.o)
    0x08000134   0x00000024   Code   RO          906    .text               startup_stm32f10x_md_vl.o
    0x08000158   0x00000024   Code   RO         1168    .text               mc_w.l(init.o)
    0x0800017c   0x00000048   Code   RO          910    i.AES_InitKey       main.o
    0x080001c4   0x0000002c   Code   RO          911    i.AES_InitState     main.o
    0x080001f0   0x00000060   Code   RO          912    i.AES_Run           main.o
    0x08000250   0x00000002   Code   RO         1032    i.BusFault_Handler  stm32f10x_it.o
    0x08000252   0x00000068   Code   RO          913    i.Clock_Init        main.o
    0x080002ba   0x00000002   Code   RO         1033    i.DebugMon_Handler  stm32f10x_it.o
    0x080002bc   0x00000070   Code   RO           77    i.EXTI_Init         stm32f10x_exti.o
    0x0800032c   0x00000018   Code   RO          642    i.FLASH_PrefetchBufferCmd  stm32f10x_flash.o
    0x08000344   0x00000014   Code   RO          647    i.FLASH_SetLatency  stm32f10x_flash.o
    0x08000358   0x00000098   Code   RO          131    i.GPIO_Init         stm32f10x_gpio.o
    0x080003f0   0x00000002   Code   RO         1034    i.HardFault_Handler  stm32f10x_it.o
    0x080003f2   0x00000002   PAD
    0x080003f4   0x000000d4   Code   RO          914    i.Hardware_Init     main.o
    0x080004c8   0x00000002   Code   RO         1035    i.MemManage_Handler  stm32f10x_it.o
    0x080004ca   0x00000002   Code   RO         1036    i.NMI_Handler       stm32f10x_it.o
    0x080004cc   0x00000064   Code   RO            1    i.NVIC_Init         misc.o
    0x08000530   0x00000058   Code   RO          915    i.NVIC_Initialisation  main.o
    0x08000588   0x00000020   Code   RO          916    i.NVIC_SetPriority  main.o
    0x080005a8   0x0000000c   Code   RO          806    i.PWR_PVDCmd        stm32f10x_pwr.o
    0x080005b4   0x00000014   Code   RO          807    i.PWR_PVDLevelConfig  stm32f10x_pwr.o
    0x080005c8   0x00000002   Code   RO         1037    i.PendSV_Handler    stm32f10x_it.o
    0x080005ca   0x00000002   PAD
    0x080005cc   0x00000018   Code   RO          240    i.RCC_AHBPeriphClockCmd  stm32f10x_rcc.o
    0x080005e4   0x00000018   Code   RO          243    i.RCC_APB2PeriphClockCmd  stm32f10x_rcc.o
    0x080005fc   0x0000000c   Code   RO          249    i.RCC_ClockSecuritySystemCmd  stm32f10x_rcc.o
    0x08000608   0x0000009c   Code   RO          251    i.RCC_GetClocksFreq  stm32f10x_rcc.o
    0x080006a4   0x00000030   Code   RO          252    i.RCC_GetFlagStatus  stm32f10x_rcc.o
    0x080006d4   0x00000014   Code   RO          255    i.RCC_HCLKConfig    stm32f10x_rcc.o
    0x080006e8   0x00000034   Code   RO          256    i.RCC_HSEConfig     stm32f10x_rcc.o
    0x0800071c   0x00000014   Code   RO          262    i.RCC_PCLK1Config   stm32f10x_rcc.o
    0x08000730   0x00000014   Code   RO          263    i.RCC_PCLK2Config   stm32f10x_rcc.o
    0x08000744   0x0000000c   Code   RO          264    i.RCC_PLLCmd        stm32f10x_rcc.o
    0x08000750   0x00000014   Code   RO          265    i.RCC_PLLConfig     stm32f10x_rcc.o
    0x08000764   0x00000014   Code   RO          269    i.RCC_SYSCLKConfig  stm32f10x_rcc.o
    0x08000778   0x0000002c   Code   RO          271    i.RCC_WaitForHSEStartUp  stm32f10x_rcc.o
    0x080007a4   0x00000002   Code   RO         1038    i.SVC_Handler       stm32f10x_it.o
    0x080007a6   0x00000002   PAD
    0x080007a8   0x00000088   Code   RO          863    i.SetSysClockTo24   system_stm32f10x.o
    0x08000830   0x00000002   Code   RO         1039    i.SysTick_Handler   stm32f10x_it.o
    0x08000832   0x00000002   PAD
    0x08000834   0x00000044   Code   RO          865    i.SystemInit        system_stm32f10x.o
    0x08000878   0x0000001e   Code   RO          447    i.USART_ClockInit   stm32f10x_usart.o
    0x08000896   0x0000000c   Code   RO          448    i.USART_ClockStructInit  stm32f10x_usart.o
    0x080008a2   0x00000014   Code   RO          449    i.USART_Cmd         stm32f10x_usart.o
    0x080008b6   0x0000000e   Code   RO          452    i.USART_GetFlagStatus  stm32f10x_usart.o
    0x080008c4   0x000000b4   Code   RO          456    i.USART_Init        stm32f10x_usart.o
    0x08000978   0x00000008   Code   RO          463    i.USART_ReceiveData  stm32f10x_usart.o
    0x08000980   0x0000005c   Code   RO          917    i.USART_ReceivePlainText  main.o
    0x080009dc   0x00000040   Code   RO          918    i.USART_SendCipherText  main.o
    0x08000a1c   0x00000008   Code   RO          466    i.USART_SendData    stm32f10x_usart.o
    0x08000a24   0x00000002   Code   RO         1040    i.UsageFault_Handler  stm32f10x_it.o
    0x08000a26   0x0000000e   Code   RO         1172    i.__scatterload_copy  mc_w.l(handlers.o)
    0x08000a34   0x00000002   Code   RO         1173    i.__scatterload_null  mc_w.l(handlers.o)
    0x08000a36   0x0000000e   Code   RO         1174    i.__scatterload_zeroinit  mc_w.l(handlers.o)
    0x08000a44   0x00000020   Code   RO          919    i.addRoundKey       main.o
    0x08000a64   0x000000b0   Code   RO          920    i.computeKey        main.o
    0x08000b14   0x0000001a   Code   RO          921    i.main              main.o
    0x08000b2e   0x00000002   PAD
    0x08000b30   0x00000074   Code   RO          922    i.mixColumns        main.o
    0x08000ba4   0x00000038   Code   RO          923    i.shiftRows         main.o
    0x08000bdc   0x0000001c   Code   RO          924    i.subBytes          main.o
    0x08000bf8   0x00000012   Code   RO          925    i.xtime             main.o
    0x08000c0a   0x00000100   Data   RO          927    .constdata          main.o
    0x08000d0a   0x00000002   PAD
    0x08000d0c   0x00000020   Data   RO         1170    Region$$Table       anon$$obj.o


    Execution Region RW_IRAM1 (Base: 0x20000000, Size: 0x00000448, Max: 0x00002000, ABSOLUTE)

    Base Addr    Size         Type   Attr      Idx    E Section Name        Object

    0x20000000   0x00000014   Data   RW          272    .data               stm32f10x_rcc.o
    0x20000014   0x0000000d   Data   RW          928    .data               main.o
    0x20000021   0x00000003   PAD
    0x20000024   0x00000020   Zero   RW          926    .bss                main.o
    0x20000044   0x00000004   PAD
    0x20000048   0x00000400   Zero   RW          903    STACK               startup_stm32f10x_md_vl.o


==============================================================================

Image component sizes


      Code (inc. data)   RO Data    RW Data    ZI Data      Debug   Object Name

         0          0          0          0          0         32   core_cm3.o
      1256         96        256         13         32      23382   main.o
       100         10          0          0          0     236292   misc.o
        36          8        288          0       1024        880   startup_stm32f10x_md_vl.o
       112          4          0          0          0        924   stm32f10x_exti.o
        44         12          0          0          0        941   stm32f10x_flash.o
       152          0          0          0          0       1720   stm32f10x_gpio.o
        18          0          0          0          0       3382   stm32f10x_it.o
        32         12          0          0          0        902   stm32f10x_pwr.o
       472         78          0         20          0       9099   stm32f10x_rcc.o
       272          4          0          0          0       5070   stm32f10x_usart.o
       204         18          0          0          0       1525   system_stm32f10x.o

    ----------------------------------------------------------------------
      2708        242        578         36       1060     284149   Object Totals
         0          0         32          0          0          0   (incl. Generated)
        10          0          2          3          4          0   (incl. Padding)

    ----------------------------------------------------------------------

      Code (inc. data)   RO Data    RW Data    ZI Data      Debug   Library Member Name

         0          0          0          0          0          0   entry.o
         0          0          0          0          0          0   entry10a.o
         0          0          0          0          0          0   entry11a.o
         8          4          0          0          0          0   entry2.o
         4          0          0          0          0          0   entry5.o
         0          0          0          0          0          0   entry7b.o
         0          0          0          0          0          0   entry8b.o
         8          4          0          0          0          0   entry9a.o
        30          0          0          0          0          0   handlers.o
        36          8          0          0          0         68   init.o

    ----------------------------------------------------------------------
        86         16          0          0          0         68   Library Totals
         0          0          0          0          0          0   (incl. Padding)

    ----------------------------------------------------------------------

      Code (inc. data)   RO Data    RW Data    ZI Data      Debug   Library Name

        86         16          0          0          0         68   mc_w.l

    ----------------------------------------------------------------------
        86         16          0          0          0         68   Library Totals

    ----------------------------------------------------------------------

==============================================================================


      Code (inc. data)   RO Data    RW Data    ZI Data      Debug   

      2794        258        578         36       1060     281669   Grand Totals
      2794        258        578         36       1060     281669   ELF Image Totals
      2794        258        578         36          0          0   ROM Totals

==============================================================================

    Total RO  Size (Code + RO Data)                 3372 (   3.29kB)
    Total RW  Size (RW Data + ZI Data)              1096 (   1.07kB)
    Total ROM Size (Code + RO Data + RW Data)       3408 (   3.33kB)

==============================================================================

